Archive member included because of file (symbol)

c:/program files (x86)/microchip/xc32/v1.34/bin/bin/../../lib/gcc/pic32mx/4.5.2/../../../../pic32mx/lib\libxcpp.a(calloc.o)
                              build/Release/production/_ext/867694782/ETHPIC32IntMac.o (calloc)
c:/program files (x86)/microchip/xc32/v1.34/bin/bin/../../lib/gcc/pic32mx/4.5.2/../../../../pic32mx/lib\libxcpp.a(free.o)
                              build/Release/production/_ext/343710134/usb_host.o (free)
c:/program files (x86)/microchip/xc32/v1.34/bin/bin/../../lib/gcc/pic32mx/4.5.2/../../../../pic32mx/lib\libxcpp.a(malloc.o)
                              build/Release/production/_ext/343710134/usb_host.o (malloc)
c:/program files (x86)/microchip/xc32/v1.34/bin/bin/../../lib/gcc/pic32mx/4.5.2/../../../../pic32mx/lib\libxcpp.a(memcmp.o)
                              build/Release/production/_ext/867694782/ETHPIC32IntMac.o (memcmp)
c:/program files (x86)/microchip/xc32/v1.34/bin/bin/../../lib/gcc/pic32mx/4.5.2/../../../../pic32mx/lib\libxcpp.a(memcpy.o)
                              build/Release/production/_ext/1729257553/queue.o (memcpy)
c:/program files (x86)/microchip/xc32/v1.34/bin/bin/../../lib/gcc/pic32mx/4.5.2/../../../../pic32mx/lib\libxcpp.a(memmove.o)
                              build/Release/production/mdb_cl.o (memmove)
c:/program files (x86)/microchip/xc32/v1.34/bin/bin/../../lib/gcc/pic32mx/4.5.2/../../../../pic32mx/lib\libxcpp.a(memset.o)
                              build/Release/production/MDB.o (memset)
c:/program files (x86)/microchip/xc32/v1.34/bin/bin/../../lib/gcc/pic32mx/4.5.2/../../../../pic32mx/lib\libxcpp.a(rand.o)
                              build/Release/production/main.o (rand)
c:/program files (x86)/microchip/xc32/v1.34/bin/bin/../../lib/gcc/pic32mx/4.5.2/../../../../pic32mx/lib\libxcpp.a(setbuf.o)
                              build/Release/production/main.o (setbuf)
c:/program files (x86)/microchip/xc32/v1.34/bin/bin/../../lib/gcc/pic32mx/4.5.2/../../../../pic32mx/lib\libxcpp.a(setvbuf.o)
                              c:/program files (x86)/microchip/xc32/v1.34/bin/bin/../../lib/gcc/pic32mx/4.5.2/../../../../pic32mx/lib\libxcpp.a(setbuf.o) (setvbuf)
c:/program files (x86)/microchip/xc32/v1.34/bin/bin/../../lib/gcc/pic32mx/4.5.2/../../../../pic32mx/lib\libxcpp.a(sprintf.o)
                              build/Release/production/main.o (sprintf)
c:/program files (x86)/microchip/xc32/v1.34/bin/bin/../../lib/gcc/pic32mx/4.5.2/../../../../pic32mx/lib\libxcpp.a(srand.o)
                              build/Release/production/main.o (srand)
c:/program files (x86)/microchip/xc32/v1.34/bin/bin/../../lib/gcc/pic32mx/4.5.2/../../../../pic32mx/lib\libxcpp.a(strcat.o)
                              build/Release/production/CustomHTTPApp.o (strcat)
c:/program files (x86)/microchip/xc32/v1.34/bin/bin/../../lib/gcc/pic32mx/4.5.2/../../../../pic32mx/lib\libxcpp.a(strcmp.o)
                              build/Release/production/_ext/867694782/HTTP2.o (strcmp)
c:/program files (x86)/microchip/xc32/v1.34/bin/bin/../../lib/gcc/pic32mx/4.5.2/../../../../pic32mx/lib\libxcpp.a(strcpy.o)
                              build/Release/production/CustomHTTPApp.o (strcpy)
c:/program files (x86)/microchip/xc32/v1.34/bin/bin/../../lib/gcc/pic32mx/4.5.2/../../../../pic32mx/lib\libxcpp.a(strlen.o)
                              build/Release/production/_ext/867694782/HTTP2.o (strlen)
c:/program files (x86)/microchip/xc32/v1.34/bin/bin/../../lib/gcc/pic32mx/4.5.2/../../../../pic32mx/lib\libxcpp.a(strncpy.o)
                              build/Release/production/_ext/867694782/Helpers.o (strncpy)
c:/program files (x86)/microchip/xc32/v1.34/bin/bin/../../lib/gcc/pic32mx/4.5.2/../../../../pic32mx/lib\libxcpp.a(vprintf.o)
                              build/Release/production/lcd4u.o (vprintf)
c:/program files (x86)/microchip/xc32/v1.34/bin/bin/../../lib/gcc/pic32mx/4.5.2/../../../../pic32mx/lib\libxcpp.a(xfiles.o)
                              build/Release/production/main.o (_Stdout)
c:/program files (x86)/microchip/xc32/v1.34/bin/bin/../../lib/gcc/pic32mx/4.5.2/../../../../pic32mx/lib\libxcpp.a(xgetmem.o)
                              c:/program files (x86)/microchip/xc32/v1.34/bin/bin/../../lib/gcc/pic32mx/4.5.2/../../../../pic32mx/lib\libxcpp.a(malloc.o) (_Getmem)
c:/program files (x86)/microchip/xc32/v1.34/bin/bin/../../lib/gcc/pic32mx/4.5.2/../../../../pic32mx/lib\libxcpp.a(xprintf.o)
                              c:/program files (x86)/microchip/xc32/v1.34/bin/bin/../../lib/gcc/pic32mx/4.5.2/../../../../pic32mx/lib\libxcpp.a(sprintf.o) (_Printf)
c:/program files (x86)/microchip/xc32/v1.34/bin/bin/../../lib/gcc/pic32mx/4.5.2/../../../../pic32mx/lib\libxcpp.a(xputfld.o)
                              c:/program files (x86)/microchip/xc32/v1.34/bin/bin/../../lib/gcc/pic32mx/4.5.2/../../../../pic32mx/lib\libxcpp.a(xprintf.o) (_Putfld)
[...]
Memory Configuration

Name             Origin             Length             Attributes
kseg0_program_mem 0x9d000000         0x00080000         xr
kseg0_boot_mem   0x9fc00490         0x00000970
exception_mem    0x9fc01000         0x00001000
kseg1_boot_mem   0xbfc00000         0x00000490
debug_exec_mem   0xbfc02000         0x00000ff0
config3          0xbfc02ff0         0x00000004
config2          0xbfc02ff4         0x00000004
config1          0xbfc02ff8         0x00000004
config0          0xbfc02ffc         0x00000004
kseg1_data_mem   0xa0000000         0x00020000         w !x
sfrs             0xbf800000         0x00100000
configsfrs       0xbfc02ff0         0x00000010
*default*        0x00000000         0xffffffff

Linker script and memory map

LOAD c:/program files (x86)/microchip/xc32/v1.34/bin/bin/../../lib/gcc/pic32mx/4.5.2/../../../../pic32mx/lib/./proc/32MX795F512L/cpprt0_mips32r2.o
LOAD c:/program files (x86)/microchip/xc32/v1.34/bin/bin/../../lib/gcc/pic32mx/4.5.2/../../../../pic32mx/lib/crti.o
LOAD c:/program files (x86)/microchip/xc32/v1.34/bin/bin/../../lib/gcc/pic32mx/4.5.2/crtbegin.o
LOAD build/Release/production/_ext/971107649/port_asm.o
LOAD build/Release/production/_ext/1729257553/croutine.o
LOAD build/Release/production/_ext/1990890772/heap_4.o
LOAD build/Release/production/_ext/1729257553/list.o
LOAD build/Release/production/_ext/2099989927/port.o
LOAD build/Release/production/_ext/1729257553/queue.o
LOAD build/Release/production/_ext/1729257553/tasks.o
LOAD build/Release/production/_ext/1729257553/timers.o
LOAD build/Release/production/MDB.o
LOAD build/Release/production/mdb_bv.o
LOAD build/Release/production/mdb_cg.o
LOAD build/Release/production/mdb_cl.o
LOAD build/Release/production/_ext/867694782/ARP.o
LOAD build/Release/production/_ext/867694782/Announce.o
LOAD build/Release/production/_ext/867694782/AutoIP.o
LOAD build/Release/production/_ext/867694782/DHCP.o
LOAD build/Release/production/_ext/867694782/DHCPs.o
LOAD build/Release/production/_ext/867694782/DNS.o
LOAD build/Release/production/_ext/867694782/DNSs.o
LOAD build/Release/production/_ext/867694782/Delay.o
LOAD build/Release/production/_ext/867694782/ETHPIC32ExtPhy.o
LOAD build/Release/production/_ext/867694782/ETHPIC32IntMac.o
LOAD build/Release/production/_ext/867694782/HTTP2.o
LOAD build/Release/production/_ext/867694782/Helpers.o
LOAD build/Release/production/_ext/867694782/IP.o
LOAD build/Release/production/_ext/867694782/MPFS2.o
LOAD build/Release/production/_ext/867694782/NBNS.o
LOAD build/Release/production/_ext/867694782/SMTP.o
LOAD build/Release/production/_ext/867694782/StackTsk.o
LOAD build/Release/production/_ext/867694782/TCP.o
LOAD build/Release/production/_ext/867694782/Tick.o
LOAD build/Release/production/_ext/867694782/UDP.o
LOAD build/Release/production/_ext/867694782/DynDNS.o
LOAD build/Release/production/_ext/867694782/SNTP.o
LOAD build/Release/production/_ext/867694782/ETHPIC32ExtPhyDP83848.o
LOAD build/Release/production/usb_config.o
LOAD build/Release/production/usb_descriptors.o
LOAD build/Release/production/_ext/343710134/usb_device.o
LOAD build/Release/production/_ext/131024517/usb_function_cdc.o
LOAD build/Release/production/_ext/343710134/usb_host.o
LOAD build/Release/production/_ext/131683717/usb_host_msd.o
LOAD build/Release/production/_ext/131683717/usb_host_msd_scsi.o
LOAD build/Release/production/_ext/2054364014/FSIO.o
LOAD build/Release/production/main.o
LOAD build/Release/production/HexKeyboard.o
LOAD build/Release/production/I2CE2PROML.o
LOAD build/Release/production/lcd4u.o
LOAD build/Release/production/UARTLib.o
LOAD build/Release/production/RS485.o
LOAD build/Release/production/satellites.o
LOAD build/Release/production/datetime.o
LOAD build/Release/production/CustomHTTPApp.o
LOAD build/Release/production/code.o
LOAD build/Release/production/exception.o
LOAD build/Release/production/password.o
LOAD build/Release/production/MPFSImg2.o
                0x00000001                __MPLAB_BUILD = 0x1
                0x00000400                _min_heap_size = 0x400
LOAD c:/program files (x86)/microchip/xc32/v1.34/bin/bin/../../lib/gcc/pic32mx/4.5.2/../../../../pic32mx/lib\libsupc++.a
LOAD c:/program files (x86)/microchip/xc32/v1.34/bin/bin/../../lib/gcc/pic32mx/4.5.2/../../../../pic32mx/lib\libxcpp.a
LOAD c:/program files (x86)/microchip/xc32/v1.34/bin/bin/../../lib/gcc/pic32mx/4.5.2/../../../../pic32mx/lib/./proc/32MX795F512L\default_isr_vectors.o
LOAD c:/program files (x86)/microchip/xc32/v1.34/bin/bin/../../lib/gcc/pic32mx/4.5.2/../../../../pic32mx/lib\pic32_software_reset.o
                0x00000400                PROVIDE (_min_stack_size, 0x400)
LOAD c:/program files (x86)/microchip/xc32/v1.34/bin/bin/../../lib/gcc/pic32mx/4.5.2/../../../../pic32mx/lib/./proc/32MX795F512L\processor.o
START GROUP
LOAD c:/program files (x86)/microchip/xc32/v1.34/bin/bin/../../lib/gcc/pic32mx/4.5.2/../../../../pic32mx/lib\libmchp_peripheral.a
END GROUP
START GROUP
LOAD c:/program files (x86)/microchip/xc32/v1.34/bin/bin/../../lib/gcc/pic32mx/4.5.2/../../../../pic32mx/lib\libmchp_peripheral_32MX795F512L.a
END GROUP
                0x00000001                PROVIDE (_vector_spacing, 0x1)
                0x9fc01000                _ebase_address = 0x9fc01000
                0xbfc00000                _RESET_ADDR = 0xbfc00000
                0xbfc00380                _BEV_EXCPT_ADDR = 0xbfc00380
                0xbfc00480                _DBG_EXCPT_ADDR = 0xbfc00480
                0xbfc02000                _DBG_CODE_ADDR = 0xbfc02000
                0x00000ff0                _DBG_CODE_SIZE = 0xff0
                0x9fc01180                _GEN_EXCPT_ADDR = (_ebase_address + 0x180)

.config_BFC02FF0
                0xbfc02ff0        0x4
 *(.config_BFC02FF0)
 .config_BFC02FF0
                0xbfc02ff0        0x4 build/Release/production/main.o

.config_BFC02FF4
                0xbfc02ff4        0x4
 *(.config_BFC02FF4)
 .config_BFC02FF4
                0xbfc02ff4        0x4 build/Release/production/main.o

.config_BFC02FF8
                0xbfc02ff8        0x4
 *(.config_BFC02FF8)
 .config_BFC02FF8
                0xbfc02ff8        0x4 build/Release/production/main.o

.config_BFC02FFC
                0xbfc02ffc        0x4
 *(.config_BFC02FFC)
 .config_BFC02FFC
                0xbfc02ffc        0x4 build/Release/production/main.o
                0xbfc02000                PROVIDE (_DBG_CODE_ADDR, 0xbfc02000)
                0x00000ff0                PROVIDE (_DBG_CODE_SIZE, 0xff0)

.reset          0xbfc00000      0x1f0
 *(.reset)
 .reset         0xbfc00000        0x8 c:/program files (x86)/microchip/xc32/v1.34/bin/bin/../../lib/gcc/pic32mx/4.5.2/../../../../pic32mx/lib/./proc/32MX795F512L/cpprt0_mips32r2.o
                0xbfc00000                _reset
 *(.reset.startup)
 .reset.startup
                0xbfc00008      0x1e8 c:/program files (x86)/microchip/xc32/v1.34/bin/bin/../../lib/gcc/pic32mx/4.5.2/../../../../pic32mx/lib/./proc/32MX795F512L/cpprt0_mips32r2.o

.bev_excpt      0xbfc00380       0x10
 *(.bev_handler)
 .bev_handler   0xbfc00380       0x10 c:/program files (x86)/microchip/xc32/v1.34/bin/bin/../../lib/gcc/pic32mx/4.5.2/../../../../pic32mx/lib/./proc/32MX795F512L/cpprt0_mips32r2.o

.dbg_excpt      0xbfc00480        0x0
                0xbfc00480                . = (. + DEFINED (_DEBUGGER)?0x8:0x0)

.dbg_code       0xbfc02000        0x0
                0xbfc02000                . = (. + DEFINED (_DEBUGGER)?_DBG_CODE_SIZE:0x0)

.app_excpt      0x9fc01180       0x10
 *(.gen_handler)
 .gen_handler   0x9fc01180       0x10 c:/program files (x86)/microchip/xc32/v1.34/bin/bin/../../lib/gcc/pic32mx/4.5.2/../../../../pic32mx/lib/./proc/32MX795F512L/cpprt0_mips32r2.o

.vector_0       0x9fc01200        0x8
 *(.vector_0)
 .vector_0      0x9fc01200        0x8 c:/program files (x86)/microchip/xc32/v1.34/bin/bin/../../lib/gcc/pic32mx/4.5.2/../../../../pic32mx/lib\libpic32.a(vector0.o)
                0x9fc01200                __vector_dispatch_0
                0x00000001                ASSERT (((_vector_spacing == 0x0) || (SIZEOF (.vector_0) <= (_vector_spacing << 0x5))), function at exception vector 0 too large)

.vector_1       0x9fc01220        0x8
 *(.vector_1)
 .vector_1      0x9fc01220        0x8 build/Release/production/_ext/2099989927/port.o
                0x9fc01220                __vector_dispatch_1
                0x00000001                ASSERT (((_vector_spacing == 0x0) || (SIZEOF (.vector_1) <= (_vector_spacing << 0x5))), function at exception vector 1 too large)

.vector_2       0x9fc01240        0x8
 *(.vector_2)
 .vector_2      0x9fc01240        0x8 c:/program files (x86)/microchip/xc32/v1.34/bin/bin/../../lib/gcc/pic32mx/4.5.2/../../../../pic32mx/lib\libpic32.a(vector2.o)
                0x9fc01240                __vector_dispatch_2
                0x00000001                ASSERT (((_vector_spacing == 0x0) || (SIZEOF (.vector_2) <= (_vector_spacing << 0x5))), function at exception vector 2 too large)

.vector_3       0x9fc01260        0x8
 *(.vector_3)
 .vector_3      0x9fc01260        0x8 c:/program files (x86)/microchip/xc32/v1.34/bin/bin/../../lib/gcc/pic32mx/4.5.2/../../../../pic32mx/lib\libpic32.a(vector3.o)
                0x9fc01260                __vector_dispatch_3
                0x00000001                ASSERT (((_vector_spacing == 0x0) || (SIZEOF (.vector_3) <= (_vector_spacing << 0x5))), function at exception vector 3 too large)

.vector_4       0x9fc01280        0x8
 *(.vector_4)
 .vector_4      0x9fc01280        0x8 build/Release/production/_ext/867694782/Tick.o
                0x9fc01280                __vector_dispatch_4
                0x00000001                ASSERT (((_vector_spacing == 0x0) || (SIZEOF (.vector_4) <= (_vector_spacing << 0x5))), function at exception vector 4 too large)

.vector_5       0x9fc012a0        0x8
 *(.vector_5)
 .vector_5      0x9fc012a0        0x8 c:/program files (x86)/microchip/xc32/v1.34/bin/bin/../../lib/gcc/pic32mx/4.5.2/../../../../pic32mx/lib\libpic32.a(vector5.o)
                0x9fc012a0                __vector_dispatch_5
                0x00000001                ASSERT (((_vector_spacing == 0x0) || (SIZEOF (.vector_5) <= (_vector_spacing << 0x5))), function at exception vector 5 too large)

.vector_6       0x9fc012c0        0x8
 *(.vector_6)
 .vector_6      0x9fc012c0        0x8 c:/program files (x86)/microchip/xc32/v1.34/bin/bin/../../lib/gcc/pic32mx/4.5.2/../../../../pic32mx/lib\libpic32.a(vector6.o)
                0x9fc012c0                __vector_dispatch_6
                0x00000001                ASSERT (((_vector_spacing == 0x0) || (SIZEOF (.vector_6) <= (_vector_spacing << 0x5))), function at exception vector 6 too large)

.vector_7       0x9fc012e0        0x8
 *(.vector_7)
 .vector_7      0x9fc012e0        0x8 c:/program files (x86)/microchip/xc32/v1.34/bin/bin/../../lib/gcc/pic32mx/4.5.2/../../../../pic32mx/lib\libpic32.a(vector7.o)
                0x9fc012e0                __vector_dispatch_7
                0x00000001                ASSERT (((_vector_spacing == 0x0) || (SIZEOF (.vector_7) <= (_vector_spacing << 0x5))), function at exception vector 7 too large)

.vector_8       0x9fc01300        0x8
 *(.vector_8)
 .vector_8      0x9fc01300        0x8 build/Release/production/_ext/2099989927/port.o
                0x9fc01300                __vector_dispatch_8
                0x00000001                ASSERT (((_vector_spacing == 0x0) || (SIZEOF (.vector_8) <= (_vector_spacing << 0x5))), function at exception vector 8 too large)

.vector_9       0x9fc01320        0x8
 *(.vector_9)
 .vector_9      0x9fc01320        0x8 c:/program files (x86)/microchip/xc32/v1.34/bin/bin/../../lib/gcc/pic32mx/4.5.2/../../../../pic32mx/lib\libpic32.a(vector9.o)
                0x9fc01320                __vector_dispatch_9
                0x00000001                ASSERT (((_vector_spacing == 0x0) || (SIZEOF (.vector_9) <= (_vector_spacing << 0x5))), function at exception vector 9 too large)

.vector_10      0x9fc01340        0x8
 *(.vector_10)
 .vector_10     0x9fc01340        0x8 c:/program files (x86)/microchip/xc32/v1.34/bin/bin/../../lib/gcc/pic32mx/4.5.2/../../../../pic32mx/lib\libpic32.a(vector10.o)
                0x9fc01340                __vector_dispatch_10
                0x00000001                ASSERT (((_vector_spacing == 0x0) || (SIZEOF (.vector_10) <= (_vector_spacing << 0x5))), function at exception vector 10 too large)

.vector_11      0x9fc01360        0x8
 *(.vector_11)
 .vector_11     0x9fc01360        0x8 c:/program files (x86)/microchip/xc32/v1.34/bin/bin/../../lib/gcc/pic32mx/4.5.2/../../../../pic32mx/lib\libpic32.a(vector11.o)
                0x9fc01360                __vector_dispatch_11
                0x00000001                ASSERT (((_vector_spacing == 0x0) || (SIZEOF (.vector_11) <= (_vector_spacing << 0x5))), function at exception vector 11 too large)

.vector_12      0x9fc01380        0x8
 *(.vector_12)
 .vector_12     0x9fc01380        0x8 build/Release/production/UARTLib.o
                0x9fc01380                __vector_dispatch_12
                0x00000001                ASSERT (((_vector_spacing == 0x0) || (SIZEOF (.vector_12) <= (_vector_spacing << 0x5))), function at exception vector 12 too large)

.vector_13      0x9fc013a0        0x8
 *(.vector_13)
 .vector_13     0x9fc013a0        0x8 c:/program files (x86)/microchip/xc32/v1.34/bin/bin/../../lib/gcc/pic32mx/4.5.2/../../../../pic32mx/lib\libpic32.a(vector13.o)
                0x9fc013a0                __vector_dispatch_13
                0x00000001                ASSERT (((_vector_spacing == 0x0) || (SIZEOF (.vector_13) <= (_vector_spacing << 0x5))), function at exception vector 13 too large)

.vector_14      0x9fc013c0        0x8
 *(.vector_14)
 .vector_14     0x9fc013c0        0x8 c:/program files (x86)/microchip/xc32/v1.34/bin/bin/../../lib/gcc/pic32mx/4.5.2/../../../../pic32mx/lib\libpic32.a(vector14.o)
                0x9fc013c0                __vector_dispatch_14
                0x00000001                ASSERT (((_vector_spacing == 0x0) || (SIZEOF (.vector_14) <= (_vector_spacing << 0x5))), function at exception vector 14 too large)

.vector_15      0x9fc013e0        0x8
 *(.vector_15)
 .vector_15     0x9fc013e0        0x8 c:/program files (x86)/microchip/xc32/v1.34/bin/bin/../../lib/gcc/pic32mx/4.5.2/../../../../pic32mx/lib\libpic32.a(vector15.o)
                0x9fc013e0                __vector_dispatch_15
                0x00000001                ASSERT (((_vector_spacing == 0x0) || (SIZEOF (.vector_15) <= (_vector_spacing << 0x5))), function at exception vector 15 too large)

.vector_16      0x9fc01400        0x8
 *(.vector_16)
 .vector_16     0x9fc01400        0x8 c:/program files (x86)/microchip/xc32/v1.34/bin/bin/../../lib/gcc/pic32mx/4.5.2/../../../../pic32mx/lib\libpic32.a(vector16.o)
                0x9fc01400                __vector_dispatch_16
                0x00000001                ASSERT (((_vector_spacing == 0x0) || (SIZEOF (.vector_16) <= (_vector_spacing << 0x5))), function at exception vector 16 too large)

.vector_17      0x9fc01420        0x8
 *(.vector_17)
 .vector_17     0x9fc01420        0x8 c:/program files (x86)/microchip/xc32/v1.34/bin/bin/../../lib/gcc/pic32mx/4.5.2/../../../../pic32mx/lib\libpic32.a(vector17.o)
                0x9fc01420                __vector_dispatch_17
                0x00000001                ASSERT (((_vector_spacing == 0x0) || (SIZEOF (.vector_17) <= (_vector_spacing << 0x5))), function at exception vector 17 too large)

.vector_18      0x9fc01440        0x8
 *(.vector_18)
 .vector_18     0x9fc01440        0x8 c:/program files (x86)/microchip/xc32/v1.34/bin/bin/../../lib/gcc/pic32mx/4.5.2/../../../../pic32mx/lib\libpic32.a(vector18.o)
                0x9fc01440                __vector_dispatch_18
                0x00000001                ASSERT (((_vector_spacing == 0x0) || (SIZEOF (.vector_18) <= (_vector_spacing << 0x5))), function at exception vector 18 too large)

.vector_19      0x9fc01460        0x8
 *(.vector_19)
 .vector_19     0x9fc01460        0x8 c:/program files (x86)/microchip/xc32/v1.34/bin/bin/../../lib/gcc/pic32mx/4.5.2/../../../../pic32mx/lib\libpic32.a(vector19.o)
                0x9fc01460                __vector_dispatch_19
                0x00000001                ASSERT (((_vector_spacing == 0x0) || (SIZEOF (.vector_19) <= (_vector_spacing << 0x5))), function at exception vector 19 too large)

.vector_20      0x9fc01480        0x8
 *(.vector_20)
 .vector_20     0x9fc01480        0x8 c:/program files (x86)/microchip/xc32/v1.34/bin/bin/../../lib/gcc/pic32mx/4.5.2/../../../../pic32mx/lib\libpic32.a(vector20.o)
                0x9fc01480                __vector_dispatch_20
                0x00000001                ASSERT (((_vector_spacing == 0x0) || (SIZEOF (.vector_20) <= (_vector_spacing << 0x5))), function at exception vector 20 too large)

.vector_21      0x9fc014a0        0x8
 *(.vector_21)
 .vector_21     0x9fc014a0        0x8 c:/program files (x86)/microchip/xc32/v1.34/bin/bin/../../lib/gcc/pic32mx/4.5.2/../../../../pic32mx/lib\libpic32.a(vector21.o)
                0x9fc014a0                __vector_dispatch_21
                0x00000001                ASSERT (((_vector_spacing == 0x0) || (SIZEOF (.vector_21) <= (_vector_spacing << 0x5))), function at exception vector 21 too large)

.vector_22      0x9fc014c0        0x8
 *(.vector_22)
 .vector_22     0x9fc014c0        0x8 c:/program files (x86)/microchip/xc32/v1.34/bin/bin/../../lib/gcc/pic32mx/4.5.2/../../../../pic32mx/lib\libpic32.a(vector22.o)
                0x9fc014c0                __vector_dispatch_22
                0x00000001                ASSERT (((_vector_spacing == 0x0) || (SIZEOF (.vector_22) <= (_vector_spacing << 0x5))), function at exception vector 22 too large)

.vector_23      0x9fc014e0        0x8
 *(.vector_23)
 .vector_23     0x9fc014e0        0x8 c:/program files (x86)/microchip/xc32/v1.34/bin/bin/../../lib/gcc/pic32mx/4.5.2/../../../../pic32mx/lib\libpic32.a(vector23.o)
                0x9fc014e0                __vector_dispatch_23
                0x00000001                ASSERT (((_vector_spacing == 0x0) || (SIZEOF (.vector_23) <= (_vector_spacing << 0x5))), function at exception vector 23 too large)

.vector_24      0x9fc01500        0x8
 *(.vector_24)
 .vector_24     0x9fc01500        0x8 c:/program files (x86)/microchip/xc32/v1.34/bin/bin/../../lib/gcc/pic32mx/4.5.2/../../../../pic32mx/lib\libpic32.a(vector24.o)
                0x9fc01500                __vector_dispatch_24
                0x00000001                ASSERT (((_vector_spacing == 0x0) || (SIZEOF (.vector_24) <= (_vector_spacing << 0x5))), function at exception vector 24 too large)

.vector_25      0x9fc01520        0x8
 *(.vector_25)
 .vector_25     0x9fc01520        0x8 c:/program files (x86)/microchip/xc32/v1.34/bin/bin/../../lib/gcc/pic32mx/4.5.2/../../../../pic32mx/lib\libpic32.a(vector25.o)
                0x9fc01520                __vector_dispatch_25
                0x00000001                ASSERT (((_vector_spacing == 0x0) || (SIZEOF (.vector_25) <= (_vector_spacing << 0x5))), function at exception vector 25 too large)

.vector_26      0x9fc01540        0x8
 *(.vector_26)
 .vector_26     0x9fc01540        0x8 build/Release/production/main.o
                0x9fc01540                __vector_dispatch_26
                0x00000001                ASSERT (((_vector_spacing == 0x0) || (SIZEOF (.vector_26) <= (_vector_spacing << 0x5))), function at exception vector 26 too large)

.vector_27      0x9fc01560        0x8
 *(.vector_27)
 .vector_27     0x9fc01560        0x8 c:/program files (x86)/microchip/xc32/v1.34/bin/bin/../../lib/gcc/pic32mx/4.5.2/../../../../pic32mx/lib\libpic32.a(vector27.o)
                0x9fc01560                __vector_dispatch_27
                0x00000001                ASSERT (((_vector_spacing == 0x0) || (SIZEOF (.vector_27) <= (_vector_spacing << 0x5))), function at exception vector 27 too large)

.vector_28      0x9fc01580        0x8
 *(.vector_28)
 .vector_28     0x9fc01580        0x8 c:/program files (x86)/microchip/xc32/v1.34/bin/bin/../../lib/gcc/pic32mx/4.5.2/../../../../pic32mx/lib\libpic32.a(vector28.o)
                0x9fc01580                __vector_dispatch_28
                0x00000001                ASSERT (((_vector_spacing == 0x0) || (SIZEOF (.vector_28) <= (_vector_spacing << 0x5))), function at exception vector 28 too large)

.vector_29      0x9fc015a0        0x8
 *(.vector_29)
 .vector_29     0x9fc015a0        0x8 c:/program files (x86)/microchip/xc32/v1.34/bin/bin/../../lib/gcc/pic32mx/4.5.2/../../../../pic32mx/lib\libpic32.a(vector29.o)
                0x9fc015a0                __vector_dispatch_29
                0x00000001                ASSERT (((_vector_spacing == 0x0) || (SIZEOF (.vector_29) <= (_vector_spacing << 0x5))), function at exception vector 29 too large)

.vector_30      0x9fc015c0        0x8
 *(.vector_30)
 .vector_30     0x9fc015c0        0x8 c:/program files (x86)/microchip/xc32/v1.34/bin/bin/../../lib/gcc/pic32mx/4.5.2/../../../../pic32mx/lib\libpic32.a(vector30.o)
                0x9fc015c0                __vector_dispatch_30
                0x00000001                ASSERT (((_vector_spacing == 0x0) || (SIZEOF (.vector_30) <= (_vector_spacing << 0x5))), function at exception vector 30 too large)

.vector_31      0x9fc015e0        0x8
 *(.vector_31)
 .vector_31     0x9fc015e0        0x8 c:/program files (x86)/microchip/xc32/v1.34/bin/bin/../../lib/gcc/pic32mx/4.5.2/../../../../pic32mx/lib\libpic32.a(vector31.o)
                0x9fc015e0                __vector_dispatch_31
                0x00000001                ASSERT (((_vector_spacing == 0x0) || (SIZEOF (.vector_31) <= (_vector_spacing << 0x5))), function at exception vector 31 too large)

.vector_32      0x9fc01600        0x8
 *(.vector_32)
 .vector_32     0x9fc01600        0x8 c:/program files (x86)/microchip/xc32/v1.34/bin/bin/../../lib/gcc/pic32mx/4.5.2/../../../../pic32mx/lib\libpic32.a(vector32.o)
                0x9fc01600                __vector_dispatch_32
                0x00000001                ASSERT (((_vector_spacing == 0x0) || (SIZEOF (.vector_32) <= (_vector_spacing << 0x5))), function at exception vector 32 too large)

.vector_33      0x9fc01620        0x8
 *(.vector_33)
 .vector_33     0x9fc01620        0x8 c:/program files (x86)/microchip/xc32/v1.34/bin/bin/../../lib/gcc/pic32mx/4.5.2/../../../../pic32mx/lib\libpic32.a(vector33.o)
                0x9fc01620                __vector_dispatch_33
                0x00000001                ASSERT (((_vector_spacing == 0x0) || (SIZEOF (.vector_33) <= (_vector_spacing << 0x5))), function at exception vector 33 too large)

.vector_34      0x9fc01640        0x8
 *(.vector_34)
 .vector_34     0x9fc01640        0x8 c:/program files (x86)/microchip/xc32/v1.34/bin/bin/../../lib/gcc/pic32mx/4.5.2/../../../../pic32mx/lib\libpic32.a(vector34.o)
                0x9fc01640                __vector_dispatch_34
                0x00000001                ASSERT (((_vector_spacing == 0x0) || (SIZEOF (.vector_34) <= (_vector_spacing << 0x5))), function at exception vector 34 too large)

.vector_35      0x9fc01660        0x8
 *(.vector_35)
 .vector_35     0x9fc01660        0x8 build/Release/production/main.o
                0x9fc01660                __vector_dispatch_35
                0x00000001                ASSERT (((_vector_spacing == 0x0) || (SIZEOF (.vector_35) <= (_vector_spacing << 0x5))), function at exception vector 35 too large)

.vector_36      0x9fc01680        0x8
 *(.vector_36)
 .vector_36     0x9fc01680        0x8 c:/program files (x86)/microchip/xc32/v1.34/bin/bin/../../lib/gcc/pic32mx/4.5.2/../../../../pic32mx/lib\libpic32.a(vector36.o)
                0x9fc01680                __vector_dispatch_36
                0x00000001                ASSERT (((_vector_spacing == 0x0) || (SIZEOF (.vector_36) <= (_vector_spacing << 0x5))), function at exception vector 36 too large)

.vector_37      0x9fc016a0        0x8
 *(.vector_37)
 .vector_37     0x9fc016a0        0x8 c:/program files (x86)/microchip/xc32/v1.34/bin/bin/../../lib/gcc/pic32mx/4.5.2/../../../../pic32mx/lib\libpic32.a(vector37.o)
                0x9fc016a0                __vector_dispatch_37
                0x00000001                ASSERT (((_vector_spacing == 0x0) || (SIZEOF (.vector_37) <= (_vector_spacing << 0x5))), function at exception vector 37 too large)

.vector_38      0x9fc016c0        0x8
 *(.vector_38)
 .vector_38     0x9fc016c0        0x8 c:/program files (x86)/microchip/xc32/v1.34/bin/bin/../../lib/gcc/pic32mx/4.5.2/../../../../pic32mx/lib\libpic32.a(vector38.o)
                0x9fc016c0                __vector_dispatch_38
                0x00000001                ASSERT (((_vector_spacing == 0x0) || (SIZEOF (.vector_38) <= (_vector_spacing << 0x5))), function at exception vector 38 too large)

.vector_39      0x9fc016e0        0x8
 *(.vector_39)
 .vector_39     0x9fc016e0        0x8 c:/program files (x86)/microchip/xc32/v1.34/bin/bin/../../lib/gcc/pic32mx/4.5.2/../../../../pic32mx/lib\libpic32.a(vector39.o)
                0x9fc016e0                __vector_dispatch_39
                0x00000001                ASSERT (((_vector_spacing == 0x0) || (SIZEOF (.vector_39) <= (_vector_spacing << 0x5))), function at exception vector 39 too large)

.vector_40      0x9fc01700        0x8
 *(.vector_40)
 .vector_40     0x9fc01700        0x8 c:/program files (x86)/microchip/xc32/v1.34/bin/bin/../../lib/gcc/pic32mx/4.5.2/../../../../pic32mx/lib\libpic32.a(vector40.o)
                0x9fc01700                __vector_dispatch_40
                0x00000001                ASSERT (((_vector_spacing == 0x0) || (SIZEOF (.vector_40) <= (_vector_spacing << 0x5))), function at exception vector 40 too large)

.vector_41      0x9fc01720        0x8
 *(.vector_41)
 .vector_41     0x9fc01720        0x8 c:/program files (x86)/microchip/xc32/v1.34/bin/bin/../../lib/gcc/pic32mx/4.5.2/../../../../pic32mx/lib\libpic32.a(vector41.o)
                0x9fc01720                __vector_dispatch_41
                0x00000001                ASSERT (((_vector_spacing == 0x0) || (SIZEOF (.vector_41) <= (_vector_spacing << 0x5))), function at exception vector 41 too large)

.vector_42      0x9fc01740        0x8
 *(.vector_42)
 .vector_42     0x9fc01740        0x8 c:/program files (x86)/microchip/xc32/v1.34/bin/bin/../../lib/gcc/pic32mx/4.5.2/../../../../pic32mx/lib\libpic32.a(vector42.o)
                0x9fc01740                __vector_dispatch_42
                0x00000001                ASSERT (((_vector_spacing == 0x0) || (SIZEOF (.vector_42) <= (_vector_spacing << 0x5))), function at exception vector 42 too large)

.vector_43      0x9fc01760        0x8
 *(.vector_43)
 .vector_43     0x9fc01760        0x8 c:/program files (x86)/microchip/xc32/v1.34/bin/bin/../../lib/gcc/pic32mx/4.5.2/../../../../pic32mx/lib\libpic32.a(vector43.o)
                0x9fc01760                __vector_dispatch_43
                0x00000001                ASSERT (((_vector_spacing == 0x0) || (SIZEOF (.vector_43) <= (_vector_spacing << 0x5))), function at exception vector 43 too large)

.vector_44      0x9fc01780        0x8
 *(.vector_44)
 .vector_44     0x9fc01780        0x8 c:/program files (x86)/microchip/xc32/v1.34/bin/bin/../../lib/gcc/pic32mx/4.5.2/../../../../pic32mx/lib\libpic32.a(vector44.o)
                0x9fc01780                __vector_dispatch_44
                0x00000001                ASSERT (((_vector_spacing == 0x0) || (SIZEOF (.vector_44) <= (_vector_spacing << 0x5))), function at exception vector 44 too large)

.vector_45      0x9fc017a0        0x8
 *(.vector_45)
 .vector_45     0x9fc017a0        0x8 build/Release/production/_ext/343710134/usb_host.o
                0x9fc017a0                __vector_dispatch_45
                0x00000001                ASSERT (((_vector_spacing == 0x0) || (SIZEOF (.vector_45) <= (_vector_spacing << 0x5))), function at exception vector 45 too large)

.vector_46      0x9fc017c0        0x8
 *(.vector_46)
 .vector_46     0x9fc017c0        0x8 c:/program files (x86)/microchip/xc32/v1.34/bin/bin/../../lib/gcc/pic32mx/4.5.2/../../../../pic32mx/lib\libpic32.a(vector46.o)
                0x9fc017c0                __vector_dispatch_46
                0x00000001                ASSERT (((_vector_spacing == 0x0) || (SIZEOF (.vector_46) <= (_vector_spacing << 0x5))), function at exception vector 46 too large)

.vector_47      0x9fc017e0        0x8
 *(.vector_47)
 .vector_47     0x9fc017e0        0x8 c:/program files (x86)/microchip/xc32/v1.34/bin/bin/../../lib/gcc/pic32mx/4.5.2/../../../../pic32mx/lib\libpic32.a(vector47.o)
                0x9fc017e0                __vector_dispatch_47
                0x00000001                ASSERT (((_vector_spacing == 0x0) || (SIZEOF (.vector_47) <= (_vector_spacing << 0x5))), function at exception vector 47 too large)

.vector_48      0x9fc01800        0x8
 *(.vector_48)
 .vector_48     0x9fc01800        0x8 c:/program files (x86)/microchip/xc32/v1.34/bin/bin/../../lib/gcc/pic32mx/4.5.2/../../../../pic32mx/lib\libpic32.a(vector48.o)
                0x9fc01800                __vector_dispatch_48
                0x00000001                ASSERT (((_vector_spacing == 0x0) || (SIZEOF (.vector_48) <= (_vector_spacing << 0x5))), function at exception vector 48 too large)

.vector_49      0x9fc01820        0x8
 *(.vector_49)
 .vector_49     0x9fc01820        0x8 c:/program files (x86)/microchip/xc32/v1.34/bin/bin/../../lib/gcc/pic32mx/4.5.2/../../../../pic32mx/lib\libpic32.a(vector49.o)
                0x9fc01820                __vector_dispatch_49
                0x00000001                ASSERT (((_vector_spacing == 0x0) || (SIZEOF (.vector_49) <= (_vector_spacing << 0x5))), function at exception vector 49 too large)

.vector_50      0x9fc01840        0x8
 *(.vector_50)
 .vector_50     0x9fc01840        0x8 c:/program files (x86)/microchip/xc32/v1.34/bin/bin/../../lib/gcc/pic32mx/4.5.2/../../../../pic32mx/lib\libpic32.a(vector50.o)
                0x9fc01840                __vector_dispatch_50
                0x00000001                ASSERT (((_vector_spacing == 0x0) || (SIZEOF (.vector_50) <= (_vector_spacing << 0x5))), function at exception vector 50 too large)

.vector_51      0x9fc01860        0x8
 *(.vector_51)
 .vector_51     0x9fc01860        0x8 c:/program files (x86)/microchip/xc32/v1.34/bin/bin/../../lib/gcc/pic32mx/4.5.2/../../../../pic32mx/lib\libpic32.a(vector51.o)
                0x9fc01860                __vector_dispatch_51
                0x00000001                ASSERT (((_vector_spacing == 0x0) || (SIZEOF (.vector_51) <= (_vector_spacing << 0x5))), function at exception vector 51 too large)

.vector_52      0x9fc01880        0x0
 *(.vector_52)
                0x00000001                ASSERT (((_vector_spacing == 0x0) || (SIZEOF (.vector_52) <= (_vector_spacing << 0x5))), function at exception vector 52 too large)

.vector_53      0x9fc018a0        0x0
 *(.vector_53)
                0x00000001                ASSERT (((_vector_spacing == 0x0) || (SIZEOF (.vector_53) <= (_vector_spacing << 0x5))), function at exception vector 53 too large)

.vector_54      0x9fc018c0        0x0
 *(.vector_54)
                0x00000001                ASSERT (((_vector_spacing == 0x0) || (SIZEOF (.vector_54) <= (_vector_spacing << 0x5))), function at exception vector 54 too large)

.vector_55      0x9fc018e0        0x0
 *(.vector_55)
                0x00000001                ASSERT (((_vector_spacing == 0x0) || (SIZEOF (.vector_55) <= (_vector_spacing << 0x5))), function at exception vector 55 too large)

.vector_56      0x9fc01900        0x0
 *(.vector_56)
                0x00000001                ASSERT (((_vector_spacing == 0x0) || (SIZEOF (.vector_56) <= (_vector_spacing << 0x5))), function at exception vector 56 too large)

.vector_57      0x9fc01920        0x0
 *(.vector_57)
                0x00000001                ASSERT (((_vector_spacing == 0x0) || (SIZEOF (.vector_57) <= (_vector_spacing << 0x5))), function at exception vector 57 too large)

.vector_58      0x9fc01940        0x0
 *(.vector_58)
                0x00000001                ASSERT (((_vector_spacing == 0x0) || (SIZEOF (.vector_58) <= (_vector_spacing << 0x5))), function at exception vector 58 too large)

.vector_59      0x9fc01960        0x0
 *(.vector_59)
                0x00000001                ASSERT (((_vector_spacing == 0x0) || (SIZEOF (.vector_59) <= (_vector_spacing << 0x5))), function at exception vector 59 too large)

.vector_60      0x9fc01980        0x0
 *(.vector_60)
                0x00000001                ASSERT (((_vector_spacing == 0x0) || (SIZEOF (.vector_60) <= (_vector_spacing << 0x5))), function at exception vector 60 too large)

.vector_61      0x9fc019a0        0x0
 *(.vector_61)
                0x00000001                ASSERT (((_vector_spacing == 0x0) || (SIZEOF (.vector_61) <= (_vector_spacing << 0x5))), function at exception vector 61 too large)

.vector_62      0x9fc019c0        0x0
 *(.vector_62)
                0x00000001                ASSERT (((_vector_spacing == 0x0) || (SIZEOF (.vector_62) <= (_vector_spacing << 0x5))), function at exception vector 62 too large)

.vector_63      0x9fc019e0        0x0
 *(.vector_63)
                0x00000001                ASSERT (((_vector_spacing == 0x0) || (SIZEOF (.vector_63) <= (_vector_spacing << 0x5))), function at exception vector 63 too large)

.startup
 *(.startup)

.text           0x9d000000        0x0
 *(.stub .gnu.linkonce.t.*)
 *(.text.*personality*)
 *(.mips16.fn.*)
 *(.mips16.call.*)
 *(.gnu.warning)
                0x9d000000                . = ALIGN (0x4)

.init           0x9d000000       0x24
 *crti.o(.init)
 .init          0x9d000000        0x8 c:/program files (x86)/microchip/xc32/v1.34/bin/bin/../../lib/gcc/pic32mx/4.5.2/../../../../pic32mx/lib/crti.o
                0x9d000000                _init
 *crtbegin.o(.init)
 .init          0x9d000008        0x8 c:/program files (x86)/microchip/xc32/v1.34/bin/bin/../../lib/gcc/pic32mx/4.5.2/crtbegin.o
 *(EXCLUDE_FILE(*crtn.o *crtend?.o *crtend.o) .init)
 *crtend.o(.init)
 .init          0x9d000010        0x8 c:/program files (x86)/microchip/xc32/v1.34/bin/bin/../../lib/gcc/pic32mx/4.5.2/crtend.o
 *crtn.o(.init)
 .init          0x9d000018        0xc c:/program files (x86)/microchip/xc32/v1.34/bin/bin/../../lib/gcc/pic32mx/4.5.2/../../../../pic32mx/lib/crtn.o
                0x9d000024                . = ALIGN (0x4)

.fini           0x9d000024       0x1c
 *(.fini)
 .fini          0x9d000024        0x8 c:/program files (x86)/microchip/xc32/v1.34/bin/bin/../../lib/gcc/pic32mx/4.5.2/../../../../pic32mx/lib/crti.o
                0x9d000024                _fini
 .fini          0x9d00002c        0x8 c:/program files (x86)/microchip/xc32/v1.34/bin/bin/../../lib/gcc/pic32mx/4.5.2/crtbegin.o
 .fini          0x9d000034        0xc c:/program files (x86)/microchip/xc32/v1.34/bin/bin/../../lib/gcc/pic32mx/4.5.2/../../../../pic32mx/lib/crtn.o
                0x9d000040                . = ALIGN (0x4)

.preinit_array  0x9d000040        0x0
                0x9d000040                PROVIDE (__preinit_array_start, .)
 *(.preinit_array)
                0x9d000040                PROVIDE (__preinit_array_end, .)
                0x9d000040                . = ALIGN (0x4)

.init_array     0x9d000040        0x0
                0x9d000040                PROVIDE (__init_array_start, .)
 *(SORT(.init_array.*))
 *(.init_array)
                0x9d000040                PROVIDE (__init_array_end, .)
                0x9d000040                . = ALIGN (0x4)

.fini_array     0x9d000040        0x0
                0x9d000040                PROVIDE (__fini_array_start, .)
 *(SORT(.fini_array.*))
 *(.fini_array)
                0x9d000040                PROVIDE (__fini_array_end, .)
                0x9d000040                . = ALIGN (0x4)

.ctors          0x9d000040        0x8
 *crtbegin.o(.ctors)
 .ctors         0x9d000040        0x4 c:/program files (x86)/microchip/xc32/v1.34/bin/bin/../../lib/gcc/pic32mx/4.5.2/crtbegin.o
 *crtbegin?.o(.ctors)
 *(EXCLUDE_FILE(*crtend?.o *crtend.o) .ctors)
 *(SORT(.ctors.*))
 *(.ctors)
 .ctors         0x9d000044        0x4 c:/program files (x86)/microchip/xc32/v1.34/bin/bin/../../lib/gcc/pic32mx/4.5.2/crtend.o
                0x9d000048                . = ALIGN (0x4)

.dtors          0x9d000048        0x8
 *crtbegin.o(.dtors)
 .dtors         0x9d000048        0x4 c:/program files (x86)/microchip/xc32/v1.34/bin/bin/../../lib/gcc/pic32mx/4.5.2/crtbegin.o
 *crtbegin?.o(.dtors)
 *(EXCLUDE_FILE(*crtend?.o *crtend.o) .dtors)
 *(SORT(.dtors.*))
 *(.dtors)
 .dtors         0x9d00004c        0x4 c:/program files (x86)/microchip/xc32/v1.34/bin/bin/../../lib/gcc/pic32mx/4.5.2/crtend.o
                0x9d00004c                __DTOR_END__
                0x9d000050                . = ALIGN (0x4)

.rodata         0x9d000050        0x0
 *(.gnu.linkonce.r.*)
 *(.rodata1)
                0x9d000050                . = ALIGN (0x4)

.sdata2         0x9d000050        0x0
 *(.sdata2 .sdata2.* .gnu.linkonce.s2.*)
                0x9d000050                . = ALIGN (0x4)

.sbss2          0x9d000050        0x0
 *(.sbss2 .sbss2.* .gnu.linkonce.sb2.*)
                0x9d000050                . = ALIGN (0x4)

.eh_frame_hdr
 *(.eh_frame_hdr)
                0x9d000050                . = ALIGN (0x4)

.eh_frame
 *(.eh_frame)
                0x9d000050                . = ALIGN (0x4)

.gcc_except_table
 *(.gcc_except_table .gcc_except_table.*)
                0x9d000050                . = ALIGN (0x4)

.dbg_data       0xa0000000        0x0
                0xa0000000                . = (. + DEFINED (_DEBUGGER)?0x200:0x0)

.jcr            0xa0000000        0x4
 *(.jcr)
 .jcr           0xa0000000        0x0 c:/program files (x86)/microchip/xc32/v1.34/bin/bin/../../lib/gcc/pic32mx/4.5.2/crtbegin.o
 .jcr           0xa0000000        0x4 c:/program files (x86)/microchip/xc32/v1.34/bin/bin/../../lib/gcc/pic32mx/4.5.2/crtend.o
                0xa0000004                . = ALIGN (0x4)

.eh_frame       0xa0000004       0x34
 *(.eh_frame)
 .eh_frame      0xa0000004        0x0 c:/program files (x86)/microchip/xc32/v1.34/bin/bin/../../lib/gcc/pic32mx/4.5.2/crtbegin.o
 .eh_frame      0xa0000004       0x20 c:/program files (x86)/microchip/xc32/v1.34/bin/bin/../../lib/gcc/pic32mx/4.5.2\libgcc.a(_udivdi3.o)
 .eh_frame      0xa0000024       0x10 c:/program files (x86)/microchip/xc32/v1.34/bin/bin/../../lib/gcc/pic32mx/4.5.2\libgcc.a(_umoddi3.o)
 .eh_frame      0xa0000034        0x4 c:/program files (x86)/microchip/xc32/v1.34/bin/bin/../../lib/gcc/pic32mx/4.5.2/crtend.o
                0xa0000038                . = ALIGN (0x4)

.gcc_except_table
 *(.gcc_except_table .gcc_except_table.*)
                0xa0000038                . = ALIGN (0x4)

.persist        0xa0000038        0x0
                0xa0000038                _persist_begin = .
 *(.persist .persist.*)
 *(.pbss .pbss.*)
                0xa0000038                . = ALIGN (0x4)
                0xa0000038                _persist_end = .

.data           0xa0000038        0x0
 *(.gnu.linkonce.d.*)
 *(.data1)
                0xa0000038                . = ALIGN (0x4)
                0xa0000038                . = .
                0xa0008030                _gp = (ALIGN (0x10) + 0x7ff0)

.got            0xa0000038        0x0
 *(.got.plt)
 *(.got)
                0xa0000038                . = ALIGN (0x4)

.sdata          0xa0000038       0x84
                0xa0000038                _sdata_begin = .
 *(.sdata .sdata.* .gnu.linkonce.s.*)
 .sdata         0xa0000038        0x4 c:/program files (x86)/microchip/xc32/v1.34/bin/bin/../../lib/gcc/pic32mx/4.5.2/crtbegin.o
                0xa0000038                __dso_handle
 .sdata         0xa000003c        0x4 build/Release/production/_ext/2099989927/port.o
                0xa000003c                uxInterruptNesting
 .sdata         0xa0000040        0x4 build/Release/production/_ext/1729257553/tasks.o
 .sdata         0xa0000044        0x8 build/Release/production/_ext/867694782/DNS.o
 .sdata         0xa000004c        0x4 build/Release/production/_ext/867694782/Helpers.o
 .sdata         0xa0000050        0x2 build/Release/production/_ext/867694782/TCP.o
 .sdata         0xa0000052        0x2 build/Release/production/_ext/867694782/UDP.o
 .sdata         0xa0000054        0x1 build/Release/production/_ext/867694782/DynDNS.o
 .sdata         0xa0000055        0x1 build/Release/production/_ext/867694782/SNTP.o
 *fill*         0xa0000056        0x2 
 .sdata         0xa0000058        0x8 build/Release/production/usb_config.o
                0xa0000058                usbTPL
 .sdata         0xa0000060        0x4 build/Release/production/_ext/131683717/usb_host_msd.o
 .sdata         0xa0000064        0xc build/Release/production/_ext/2054364014/FSIO.o
                0xa0000064                gLastFATSectorRead
                0xa0000068                gLastDataSectorRead
                0xa000006c                cwdptr
 .sdata         0xa0000070        0x4 c:/program files (x86)/microchip/xc32/v1.34/bin/bin/../../lib/gcc/pic32mx/4.5.2/../../../../pic32mx/lib\libxcpp.a(malloc.o)
                0xa0000070                _Size_block
 .sdata         0xa0000074        0x4 c:/program files (x86)/microchip/xc32/v1.34/bin/bin/../../lib/gcc/pic32mx/4.5.2/../../../../pic32mx/lib\libxcpp.a(rand.o)
                0xa0000074                _Randseed
 .sdata         0xa0000078        0xc c:/program files (x86)/microchip/xc32/v1.34/bin/bin/../../lib/gcc/pic32mx/4.5.2/../../../../pic32mx/lib\libxcpp.a(xfiles.o)
                0xa0000078                stdin
                0xa000007c                stdout
                0xa0000080                stderr
 .sdata         0xa0000084        0x1 c:/program files (x86)/microchip/xc32/v1.34/bin/bin/../../lib/gcc/pic32mx/4.5.2/../../../../pic32mx/lib\libxcpp.a(xstate.o)
                0xa0000084                _Mbcurmax
 *fill*         0xa0000085        0x3 
 .sdata         0xa0000088        0x4 c:/program files (x86)/microchip/xc32/v1.34/bin/bin/../../lib/gcc/pic32mx/4.5.2/../../../../pic32mx/lib\libxcpp.a(xtolotab.o)
                0xa0000088                _Tolotab
 .sdata         0xa000008c        0x4 c:/program files (x86)/microchip/xc32/v1.34/bin/bin/../../lib/gcc/pic32mx/4.5.2/../../../../pic32mx/lib\libxcpp.a(xtouptab.o)
                0xa000008c                _Touptab
 .sdata         0xa0000090        0x4 c:/program files (x86)/microchip/xc32/v1.34/bin/bin/../../lib/gcc/pic32mx/4.5.2/../../../../pic32mx/lib\libxcpp.a(xvalues.o)
                0xa0000090                _Xbig
 .sdata         0xa0000094        0x8 c:/program files (x86)/microchip/xc32/v1.34/bin/bin/../../lib/gcc/pic32mx/4.5.2/../../../../pic32mx/lib\libxcpp.a(exit.o)
                0xa0000094                _Atfuns
                0xa0000098                _Atcount
 .sdata         0xa000009c        0x4 c:/program files (x86)/microchip/xc32/v1.34/bin/bin/../../lib/gcc/pic32mx/4.5.2/../../../../pic32mx/lib\libxcpp.a(xctype.o)
                0xa000009c                _Ctype
 .sdata         0xa00000a0        0x4 c:/program files (x86)/microchip/xc32/v1.34/bin/bin/../../lib/gcc/pic32mx/4.5.2/../../../../pic32mx/lib\libxcpp.a(xfvalues.o)
                0xa00000a0                _FXbig
 *fill*         0xa00000a4        0x4 
 .sdata         0xa00000a8        0x8 c:/program files (x86)/microchip/xc32/v1.34/bin/bin/../../lib/gcc/pic32mx/4.5.2/../../../../pic32mx/lib\libxcpp.a(xlvalues.o)
                0xa00000a8                _LXbig
 .sdata         0xa00000b0        0x4 c:/program files (x86)/microchip/xc32/v1.34/bin/bin/../../lib/gcc/pic32mx/4.5.2/../../../../pic32mx/lib\libxcpp.a(feraiseexcept.o)
                0xa00000b0                _Fenv
 .sdata         0xa00000b4        0x8 c:/program files (x86)/microchip/xc32/v1.34/bin/bin/../../lib/gcc/pic32mx/4.5.2/../../../../pic32mx/lib\libmchp_peripheral_32MX795F512L.a(_rtcc_wait_clock_off_lib.o)
                0xa00000b4                _RtccWaitClkStepSz
                0xa00000b8                _RtccWaitClkSteps
                0xa00000bc                . = ALIGN (0x4)
                0xa00000bc                _sdata_end = .

.lit8
 *(.lit8)

.lit4
 *(.lit4)
                0xa00000bc                . = ALIGN (0x4)
                0xa00000bc                _data_end = .
                0xa00000bc                _bss_begin = .

.sbss           0xa00000bc      0x508
                0xa00000bc                _sbss_begin = .
 *(.dynsbss)
 *(.sbss .sbss.* .gnu.linkonce.sb.*)
 .sbss          0xa00000bc       0x1c build/Release/production/_ext/1729257553/croutine.o
                0xa00000c4                pxCurrentCoRoutine
 .sbss          0xa00000d8       0x18 build/Release/production/_ext/1990890772/heap_4.o
 .sbss          0xa00000f0        0x4 build/Release/production/_ext/2099989927/port.o
                0xa00000f0                uxSavedTaskStackPointer
 .sbss          0xa00000f4       0x30 build/Release/production/_ext/1729257553/tasks.o
                0xa00000f4                pxCurrentTCB
 .sbss          0xa0000124       0x10 build/Release/production/_ext/1729257553/timers.o
 .sbss          0xa0000134        0x4 build/Release/production/_ext/867694782/ARP.o
 .sbss          0xa0000138        0x8 build/Release/production/_ext/867694782/Announce.o
 .sbss          0xa0000140        0x4 build/Release/production/_ext/867694782/DHCP.o
                0xa0000140                DHCPClientInitializedOnce
 .sbss          0xa0000144       0x14 build/Release/production/_ext/867694782/DNS.o
 .sbss          0xa0000158       0x40 build/Release/production/_ext/867694782/ETHPIC32IntMac.o
                0xa0000184                _stackMgrRxOkPkts
                0xa0000188                _stackMgrRxBadPkts
                0xa000018c                _stackMgrInGetHdr
                0xa0000190                _stackMgrRxDiscarded
                0xa0000194                _stackMgrTxNotReady
 .sbss          0xa0000198        0x4 build/Release/production/_ext/867694782/IP.o
 .sbss          0xa000019c        0x8 build/Release/production/_ext/867694782/MPFS2.o
 .sbss          0xa00001a4        0x8 build/Release/production/_ext/867694782/NBNS.o
 .sbss          0xa00001ac        0xc build/Release/production/_ext/867694782/StackTsk.o
 .sbss          0xa00001b8       0x10 build/Release/production/_ext/867694782/Tick.o
 .sbss          0xa00001c8        0x8 build/Release/production/_ext/867694782/UDP.o
 .sbss          0xa00001d0       0x24 build/Release/production/_ext/867694782/DynDNS.o
 .sbss          0xa00001f4       0x10 build/Release/production/_ext/867694782/SNTP.o
 .sbss          0xa0000204       0x28 build/Release/production/_ext/343710134/usb_host.o
                0xa0000210                pCurrentConfigurationDescriptor
                0xa0000214                pDeviceDescriptor
 .sbss          0xa000022c        0xc build/Release/production/_ext/131683717/usb_host_msd_scsi.o
 .sbss          0xa0000238       0x14 build/Release/production/_ext/2054364014/FSIO.o
                0xa0000238                gNeedFATWrite
                0xa000023c                gBufferOwner
                0xa0000240                gNeedDataWrite
                0xa0000241                nextClusterIsLast
                0xa0000242                gBufferZeroed
                0xa0000243                recache
                0xa0000244                utfModeFileName
                0xa0000248                twoByteMode
 .sbss          0xa000024c        0xc build/Release/production/main.o
 .sbss          0xa0000258        0x8 build/Release/production/CustomHTTPApp.o
 .sbss          0xa0000260        0x4 build/Release/production/exception.o
 .sbss          0xa0000264        0x8 c:/program files (x86)/microchip/xc32/v1.34/bin/bin/../../lib/gcc/pic32mx/4.5.2/../../../../pic32mx/lib\libxcpp.a(malloc.o)
                0xa0000264                _Aldata
 .sbss          0xa000026c        0xc c:/program files (x86)/microchip/xc32/v1.34/bin/bin/../../lib/gcc/pic32mx/4.5.2/../../../../pic32mx/lib\libxcpp.a(rand.o)
                0xa000026c                _Randinit
                0xa0000270                _Tls_setup__Randinit
                0xa0000274                _Tls_setup__Randseed
 .sbss          0xa0000278        0x8 c:/program files (x86)/microchip/xc32/v1.34/bin/bin/../../lib/gcc/pic32mx/4.5.2/../../../../pic32mx/lib\libxcpp.a(xstate.o)
                0xa0000278                _Tls_setup__Mbcurmax
                0xa000027c                _Tls_setup__Mbstate
 .sbss          0xa0000280        0x4 c:/program files (x86)/microchip/xc32/v1.34/bin/bin/../../lib/gcc/pic32mx/4.5.2/../../../../pic32mx/lib\libxcpp.a(xtolotab.o)
                0xa0000280                _Tls_setup__Tolotab
 .sbss          0xa0000284        0x4 c:/program files (x86)/microchip/xc32/v1.34/bin/bin/../../lib/gcc/pic32mx/4.5.2/../../../../pic32mx/lib\libxcpp.a(xtouptab.o)
                0xa0000284                _Tls_setup__Touptab
 .sbss          0xa0000288        0x4 c:/program files (x86)/microchip/xc32/v1.34/bin/bin/../../lib/gcc/pic32mx/4.5.2/../../../../pic32mx/lib\libxcpp.a(xvalues.o)
                0xa0000288                _Zero
 .sbss          0xa000028c        0x8 c:/program files (x86)/microchip/xc32/v1.34/bin/bin/../../lib/gcc/pic32mx/4.5.2/../../../../pic32mx/lib\libxcpp.a(errno.o)
                0xa000028c                _Errno
                0xa0000290                _Tls_setup__Errno
 .sbss          0xa0000294        0x4 c:/program files (x86)/microchip/xc32/v1.34/bin/bin/../../lib/gcc/pic32mx/4.5.2/../../../../pic32mx/lib\libxcpp.a(exit.o)
                0xa0000294                _Atcount0
 .sbss          0xa0000298        0x4 c:/program files (x86)/microchip/xc32/v1.34/bin/bin/../../lib/gcc/pic32mx/4.5.2/../../../../pic32mx/lib\libxcpp.a(localeco.o)
                0xa0000298                _Tls_setup__Locale
 .sbss          0xa000029c        0x4 c:/program files (x86)/microchip/xc32/v1.34/bin/bin/../../lib/gcc/pic32mx/4.5.2/../../../../pic32mx/lib\libxcpp.a(xctype.o)
                0xa000029c                _Tls_setup__Ctype
 .sbss          0xa00002a0        0x4 c:/program files (x86)/microchip/xc32/v1.34/bin/bin/../../lib/gcc/pic32mx/4.5.2/../../../../pic32mx/lib\libxcpp.a(xfvalues.o)
                0xa00002a0                _FZero
 *fill*         0xa00002a4        0x4 
 .sbss          0xa00002a8        0x8 c:/program files (x86)/microchip/xc32/v1.34/bin/bin/../../lib/gcc/pic32mx/4.5.2/../../../../pic32mx/lib\libxcpp.a(xlvalues.o)
                0xa00002a8                _LZero
 .sbss          0xa00002b0        0x4 c:/program files (x86)/microchip/xc32/v1.34/bin/bin/../../lib/gcc/pic32mx/4.5.2/../../../../pic32mx/lib\libxcpp.a(xwcstate.o)
                0xa00002b0                _Tls_setup__Wcstate
 .sbss          0xa00002b4        0x4 c:/program files (x86)/microchip/xc32/v1.34/bin/bin/../../lib/gcc/pic32mx/4.5.2/../../../../pic32mx/lib\libxcpp.a(feraiseexcept.o)
                0xa00002b4                _Tls_setup__Fenv
 .sbss          0xa00002b8       0x20 c:/program files (x86)/microchip/xc32/v1.34/bin/bin/../../lib/gcc/pic32mx/4.5.2/../../../../pic32mx/lib\libmchp_peripheral_32MX795F512L.a(eth_descriptors_add_lib.o)
                0xa00002b8                _EthTxFreeList
                0xa00002c0                _EthTxBusyList
                0xa00002c8                _EthRxFreeList
                0xa00002d0                _EthRxBusyList
 .sbss          0xa00002d8        0x8 c:/program files (x86)/microchip/xc32/v1.34/bin/bin/../../lib/gcc/pic32mx/4.5.2/../../../../pic32mx/lib\libpic32.a(sbrk.o)
                0xa00002d8                _minbrk
                0xa00002dc                _maxbrk
 .sbss          0xa00002e0        0x4 c:/program files (x86)/microchip/xc32/v1.34/bin/bin/../../lib/gcc/pic32mx/4.5.2/../../../../pic32mx/lib\libpic32.a(errno.o)
                0xa00002e0                errno
 *(.scommon)
 .scommon       0xa00002e4       0x9e build/Release/production/MDB.o
                0xa00002e4                lAmountInCashDispo
                0xa00002e8                byIndHisto
                0xa00002ec                hTimerDispense
                0xa00002f0                dwMediaID
                0xa00002f4                vmcConfig
                0xa00002fc                hSemaphoreChange
                0xa0000300                wCurrencyDivider
                0xa0000304                hTimerTOKBD
                0xa0000308                isBillValidatorInitialized
                0xa000030c                MDBUART
                0xa0000310                isLocalAccountantEnable
                0xa0000314                isNAKMDB
                0xa0000318                hSemaphoreMDB
                0xa000031c                hTimerTOCumul
                0xa0000320                wTORequest
                0xa0000324                isCLPolled
                0xa0000328                xTimerMDBNAK
                0xa000032c                wEcran
                0xa0000330                byNummch
                0xa0000332                wKeyAmountMax
                0xa0000334                isBillValidatorReseted
                0xa0000338                isCashLessReseted
                0xa000033c                wmcMaxMinPrices
                0xa0000340                isBVPolled
                0xa0000344                isChangerReseted
                0xa0000348                hTimerTOOverpay
                0xa000034c                lAmountCG
                0xa0000350                lAmountCL
                0xa0000354                isVendRequested
                0xa0000358                isHttpAccountantEnable
                0xa000035c                dwMaxReturn
                0xa0000360                isCGPolled
                0xa0000364                isFormCG
                0xa0000368                byDir
                0xa000036c                isChangeAutorized
                0xa0000370                byStacker
                0xa0000373                byDecimalPos
                0xa0000374                lAmountBV
                0xa0000378                readerConfig
                0xa0000380                wCopyEnable
 .scommon       0xa0000382        0x0 build/Release/production/mdb_bv.o
 .scommon       0xa0000382        0x0 build/Release/production/mdb_cg.o
 .scommon       0xa0000382        0x0 build/Release/production/mdb_cl.o
 *fill*         0xa0000382        0x2 
 .scommon       0xa0000384        0x4 build/Release/production/_ext/867694782/ETHPIC32ExtPhy.o
                0xa0000384                _PhyAdd
 .scommon       0xa0000388        0x1 build/Release/production/_ext/867694782/HTTP2.o
                0xa0000388                curHTTPID
 *fill*         0xa0000389        0x1 
 .scommon       0xa000038a        0x5 build/Release/production/_ext/867694782/UDP.o
                0xa000038a                UDPRxCount
                0xa000038c                UDPTxCount
                0xa000038e                activeUDPSocket
 *fill*         0xa000038f        0x1 
 .scommon       0xa0000390       0x64 build/Release/production/_ext/343710134/usb_device.o
                0xa0000390                BothEP0OutUOWNsSet
                0xa0000394                USBDeferStatusStagePacket
                0xa0000398                USBStatusStageEnabledFlag1
                0xa000039c                USBActiveConfiguration
                0xa00003a0                USBStatusStageEnabledFlag2
                0xa00003a4                shortPacketStatus
                0xa00003a8                USTATcopy
                0xa00003ac                SetupPkt
                0xa00003b4                USBBusIsSuspended
                0xa00003b8                ep_data_out
                0xa00003bc                pBDTEntryEP0OutNext
                0xa00003c0                controlTransferState
                0xa00003c4                pBDTEntryEP0OutCurrent
                0xa00003c8                pDst
                0xa00003cc                endpoint_number
                0xa00003d0                USBDeferINDataStagePackets
                0xa00003d4                USBDeferOUTDataStagePackets
                0xa00003d8                USBDeviceState
                0xa00003dc                CtrlTrfData
                0xa00003e4                USBStatusStageTimeoutCounter
                0xa00003e8                RemoteWakeup
                0xa00003ec                USBAlternateInterface
                0xa00003f0                ep_data_in
 .scommon       0xa00003f4       0x39 build/Release/production/_ext/131024517/usb_function_cdc.o
                0xa00003f4                CDCDataInHandle
                0xa00003f8                BaudRateGen
                0xa00003fc                pCDCSrc
                0xa0000400                pCDCDst
                0xa0000404                CDCDataOutHandle
                0xa0000408                line_coding
                0xa0000410                cdc_tx_len
                0xa0000414                dummy_encapsulated_cmd_response
                0xa000041c                cdc_notice
                0xa0000424                cdc_rx_len
                0xa0000425                cdc_trf_state
                0xa0000428                control_signal_bitmap
                0xa000042c                cdc_mem_type
 *fill*         0xa000042d        0x1 
 .scommon       0xa000042e        0x2 build/Release/production/_ext/343710134/usb_host.o
                0xa000042e                usbOverrideHostState
 .scommon       0xa0000430       0x28 build/Release/production/_ext/2054364014/FSIO.o
                0xa0000430                fileNameLength
                0xa0000432                gTimeCrtMS
                0xa0000434                asciiFilename
                0xa0000438                gFileSlotOpen
                0xa000043c                utf16Filename
                0xa0000440                TempClusterCalc
                0xa0000444                FatRootDirClusterValue
                0xa0000448                gTimeCrtTime
                0xa000044a                dirCleared
                0xa000044c                recordSearchLength
                0xa000044e                gTimeWrtTime
                0xa0000450                gTimeAccDate
                0xa0000452                gTimeWrtDate
                0xa0000454                FSerrno
                0xa0000456                gTimeCrtDate
 .scommon       0xa0000458      0x168 build/Release/production/main.o
                0xa0000458                isFillingInProgress
                0xa000045c                hChange
                0xa0000460                hTreatKey
                0xa0000464                semaphoreTest
                0xa0000468                isUSBPolled
                0xa000046c                hTimeDisplay
                0xa0000470                ERSP_SAT
                0xa0000474                isKBDEnable
                0xa0000478                byMin
                0xa0000479                byCentMillion
                0xa000047c                lAmountToPay
                0xa0000480                eAudit
                0xa0000484                isFileCreditPresent
                0xa0000488                wE2OperationPosRead
                0xa000048a                byNumMachine
                0xa000048b                byUnite
                0xa000048c                wE2OperationPosBack
                0xa000048e                byLCDAddressCounter
                0xa000048f                byNumRefMachine
                0xa0000490                isRefillingEnable
                0xa0000494                semaphoreDST
                0xa0000498                byCentMille
                0xa0000499                byMillier
                0xa000049c                isMediaCLFull
                0xa00004a0                hTimerFlip
                0xa00004a4                hTest
                0xa00004a8                isFlip
                0xa00004ac                UART485
                0xa00004b0                isTestEnter
                0xa00004b4                isKeyPresent
                0xa00004b8                byIndexMachineHTPP
                0xa00004bc                lRepeatKBD
                0xa00004c0                RS485port
                0xa00004c4                byDizaine
                0xa00004c8                iBeforeRetryBV
                0xa00004cc                hKeyBoard
                0xa00004d0                wPrice
                0xa00004d4                Now
                0xa00004d8                ETEXTE
                0xa00004dc                hUSB
                0xa00004e0                isRevalueRequested
                0xa00004e4                lTimeRemaining
                0xa00004e8                byMilliard
                0xa00004e9                byIndexSelectedMachine
                0xa00004ec                lOldAmountInCashDispo
                0xa00004f0                lAmountUSBDispo
                0xa00004f4                RS485Io
                0xa00004f8                byPosNum
                0xa00004fc                isDisplayRemaining
                0xa0000500                queueKeyHit
                0xa0000504                isDisplayTime
                0xa0000508                byDixMille
                0xa000050c                isFromHTTP
                0xa0000510                byBillNumber
                0xa0000514                Today
                0xa0000518                byHTTPNumMachine
                0xa0000519                byMillion
                0xa000051c                isHistoEnable
                0xa0000520                hMDB
                0xa0000524                I2CPort
                0xa0000528                iBeforeRetryCL
                0xa000052c                codeCredit
                0xa0000534                lAmountToDisplay
                0xa0000538                hHeartBeating
                0xa000053c                byCashPos
                0xa000053d                byDixMillion
                0xa0000540                iBeforeRetryCG
                0xa0000544                isKBDpOLLED
                0xa0000548                isTO_KBDEnable
                0xa000054c                hFlip
                0xa0000550                isRAZEnable
                0xa0000554                isAuditEnable
                0xa0000558                isTOCumul
                0xa000055c                isConfigEnable
                0xa0000560                codeInter
                0xa0000568                isFlipDisplayPolled
                0xa000056c                dwValue
                0xa0000570                hDST
                0xa0000574                wE2OperationPos
                0xa0000578                hTimerKBDRepeat
                0xa000057c                semaphoreLCD
                0xa0000580                byCentaine
                0xa0000584                lOldAmountUSBDispo
                0xa0000588                sender
                0xa000058c                creditFile
                0xa0000590                ptrParameterMenu
                0xa0000594                isDisplayPolled
                0xa0000598                isThumbDriveAttached
                0xa000059c                isChangeInProgress
                0xa00005a0                byHour
                0xa00005a4                isToBeOFF
                0xa00005a8                hTimerTOBuzzer
                0xa00005ac                isCancel
                0xa00005b0                ProcessIOState
                0xa00005b4                isReturnMaintenance
                0xa00005b8                byKeyHitBack
                0xa00005b9                byNumMachineHTTP
                0xa00005bc                isToEscrow
 .scommon       0xa00005c0        0x0 build/Release/production/HexKeyboard.o
 .scommon       0xa00005c0        0x0 build/Release/production/I2CE2PROML.o
 .scommon       0xa00005c0        0x4 build/Release/production/lcd4u.o
                0xa00005c0                isLCDInitialized
 .scommon       0xa00005c4        0x0 build/Release/production/UARTLib.o
 .scommon       0xa00005c4        0x0 build/Release/production/RS485.o
 .scommon       0xa00005c4        0x0 build/Release/production/satellites.o
 .scommon       0xa00005c4        0x0 build/Release/production/datetime.o
 .scommon       0xa00005c4        0x0 build/Release/production/CustomHTTPApp.o
 .scommon       0xa00005c4        0x0 build/Release/production/code.o
 .scommon       0xa00005c4        0x0 build/Release/production/exception.o
 .scommon       0xa00005c4        0x0 build/Release/production/password.o
                0xa00005c4                _sbss_end = .
                0xa00005c4                . = ALIGN (0x4)

.bss            0xa0000600     0x3380
 *(.dynbss)
 *(COMMON)
 COMMON         0xa0000600      0x800 build/Release/production/_ext/1729257553/queue.o
                0xa0000600                xQueueRegistry
 COMMON         0xa0000e00     0x15e0 build/Release/production/MDB.o
                0xa0000e00                billValidatorConfig
                0xa0000e1c                tubeStatus
                0xa0000e30                byCoinsBuffer
                0xa0000e44                auditData
                0xa0000f44                changeGiverConfig
                0xa0000f5c                exId
                0xa0000f7c                modules
                0xa000227c                auditDataPermanent
                0xa000237c                changerId
                0xa00023a0                peripheralID
                0xa00023c0                centralParameters
 COMMON         0xa00023e0      0x134 build/Release/production/_ext/867694782/HTTP2.o
                0xa00023e0                curHTTP
                0xa0002504                httpStubs
 COMMON         0xa0002514        0xa build/Release/production/_ext/867694782/StackTsk.o
                0xa0002514                remoteNode
 *fill*         0xa000251e        0x2 
 COMMON         0xa0002520       0xe0 build/Release/production/_ext/867694782/UDP.o
                0xa0002520                UDPSocketInfo
 COMMON         0xa0002600       0x20 build/Release/production/_ext/867694782/DynDNS.o
                0xa0002600                DDNSClient
 *fill*         0xa0002620      0x1e0 
 COMMON         0xa0002800      0x29b build/Release/production/_ext/343710134/usb_device.o
                0xa0002800                pBDTEntryOut
                0xa0002810                pBDTEntryIn
                0xa0002a00                BDT
                0xa0002a80                inPipes
                0xa0002a90                outPipes
 *fill*         0xa0002a9b        0x1 
 COMMON         0xa0002a9c       0x80 build/Release/production/_ext/131024517/usb_function_cdc.o
                0xa0002a9c                cdc_data_rx
                0xa0002adc                cdc_data_tx
 COMMON         0xa0002b1c      0xd4e build/Release/production/_ext/2054364014/FSIO.o
                0xa0002b1c                gDataBuffer
                0xa0002d1c                tempCWDobj
                0xa0002d60                fileFoundString
                0xa0002f6c                gFATBuffer
                0xa000316c                lfnData
                0xa0003370                gDiskData
                0xa0003398                cwd
                0xa00033dc                gFileArray
                0xa0003420                recordSearchName
                0xa0003624                gFileTemp
                0xa0003668                recordFoundName
 *fill*         0xa000386a        0x2 
 COMMON         0xa000386c       0xf4 build/Release/production/main.o
                0xa000386c                byCreditFileName
                0xa000387c                byBuffer
                0xa00038bc                bySatBuffer
                0xa00038cc                kbdButton
                0xa00038d8                AppConfig
                0xa000390c                byCheckStack
                0xa0003920                searchRec
 COMMON         0xa0003960       0x20 build/Release/production/CustomHTTPApp.o
                0xa0003960                lHistoData
                0xa0003980                . = ALIGN ((. != 0x0)?0x4:0x1)
                0xa0003980                . = ALIGN (0x4)
                0xa0003980                _end = .
                0xa0003980                _bss_end = .
                0x00020000                _bmxdudba_address = 0x20000
                0x00020000                _bmxdupba_address = 0x20000

/DISCARD/
 *(.pdr)
 *(.rel.dyn)
 *(.note.GNU-stack)
 *(.note.GNU-stack)
 *(.gnu_debuglink)
 *(.gnu.lto_*)
 *(.discard)

.gptab.sdata
 *(.gptab.data)
 *(.gptab.sdata)

.gptab.sbss
 *(.gptab.bss)
 *(.gptab.sbss)

.mdebug.abi32   0xa0003980        0x0
 *(.mdebug.abi32)
 .mdebug.abi32  0xa0003980        0x0 c:/program files (x86)/microchip/xc32/v1.34/bin/bin/../../lib/gcc/pic32mx/4.5.2/crtbegin.o
 .mdebug.abi32  0xa0003980        0x0 build/Release/production/_ext/1729257553/croutine.o
 .mdebug.abi32  0xa0003980        0x0 build/Release/production/_ext/1990890772/heap_4.o
 .mdebug.abi32  0xa0003980        0x0 build/Release/production/_ext/1729257553/list.o
 .mdebug.abi32  0xa0003980        0x0 build/Release/production/_ext/2099989927/port.o
 .mdebug.abi32  0xa0003980        0x0 build/Release/production/_ext/1729257553/queue.o
 .mdebug.abi32  0xa0003980        0x0 build/Release/production/_ext/1729257553/tasks.o
 .mdebug.abi32  0xa0003980        0x0 build/Release/production/_ext/1729257553/timers.o
 .mdebug.abi32  0xa0003980        0x0 build/Release/production/MDB.o
 .mdebug.abi32  0xa0003980        0x0 build/Release/production/mdb_bv.o
 .mdebug.abi32  0xa0003980        0x0 build/Release/production/mdb_cg.o
 .mdebug.abi32  0xa0003980        0x0 build/Release/production/mdb_cl.o
 .mdebug.abi32  0xa0003980        0x0 build/Release/production/_ext/867694782/ARP.o
 .mdebug.abi32  0xa0003980        0x0 build/Release/production/_ext/867694782/Announce.o
 .mdebug.abi32  0xa0003980        0x0 build/Release/production/_ext/867694782/AutoIP.o
 .mdebug.abi32  0xa0003980        0x0 build/Release/production/_ext/867694782/DHCP.o
 .mdebug.abi32  0xa0003980        0x0 build/Release/production/_ext/867694782/DHCPs.o
 .mdebug.abi32  0xa0003980        0x0 build/Release/production/_ext/867694782/DNS.o
 .mdebug.abi32  0xa0003980        0x0 build/Release/production/_ext/867694782/DNSs.o
 .mdebug.abi32  0xa0003980        0x0 build/Release/production/_ext/867694782/Delay.o
 .mdebug.abi32  0xa0003980        0x0 build/Release/production/_ext/867694782/ETHPIC32ExtPhy.o
 .mdebug.abi32  0xa0003980        0x0 build/Release/production/_ext/867694782/ETHPIC32IntMac.o
 .mdebug.abi32  0xa0003980        0x0 build/Release/production/_ext/867694782/HTTP2.o
 .mdebug.abi32  0xa0003980        0x0 build/Release/production/_ext/867694782/Helpers.o
 .mdebug.abi32  0xa0003980        0x0 build/Release/production/_ext/867694782/IP.o
 .mdebug.abi32  0xa0003980        0x0 build/Release/production/_ext/867694782/MPFS2.o
 .mdebug.abi32  0xa0003980        0x0 build/Release/production/_ext/867694782/NBNS.o
 .mdebug.abi32  0xa0003980        0x0 build/Release/production/_ext/867694782/SMTP.o
 .mdebug.abi32  0xa0003980        0x0 build/Release/production/_ext/867694782/StackTsk.o
 .mdebug.abi32  0xa0003980        0x0 build/Release/production/_ext/867694782/TCP.o
 .mdebug.abi32  0xa0003980        0x0 build/Release/production/_ext/867694782/Tick.o
 .mdebug.abi32  0xa0003980        0x0 build/Release/production/_ext/867694782/UDP.o
 .mdebug.abi32  0xa0003980        0x0 build/Release/production/_ext/867694782/DynDNS.o
 .mdebug.abi32  0xa0003980        0x0 build/Release/production/_ext/867694782/SNTP.o
 .mdebug.abi32  0xa0003980        0x0 build/Release/production/_ext/867694782/ETHPIC32ExtPhyDP83848.o
 .mdebug.abi32  0xa0003980        0x0 build/Release/production/usb_config.o
 .mdebug.abi32  0xa0003980        0x0 build/Release/production/usb_descriptors.o
 .mdebug.abi32  0xa0003980        0x0 build/Release/production/_ext/343710134/usb_device.o
 .mdebug.abi32  0xa0003980        0x0 build/Release/production/_ext/131024517/usb_function_cdc.o
 .mdebug.abi32  0xa0003980        0x0 build/Release/production/_ext/343710134/usb_host.o
 .mdebug.abi32  0xa0003980        0x0 build/Release/production/_ext/131683717/usb_host_msd.o
 .mdebug.abi32  0xa0003980        0x0 build/Release/production/_ext/131683717/usb_host_msd_scsi.o
 .mdebug.abi32  0xa0003980        0x0 build/Release/production/_ext/2054364014/FSIO.o
 .mdebug.abi32  0xa0003980        0x0 build/Release/production/main.o
 .mdebug.abi32  0xa0003980        0x0 build/Release/production/HexKeyboard.o
 .mdebug.abi32  0xa0003980        0x0 build/Release/production/I2CE2PROML.o
 .mdebug.abi32  0xa0003980        0x0 build/Release/production/lcd4u.o
 .mdebug.abi32  0xa0003980        0x0 build/Release/production/UARTLib.o
 .mdebug.abi32  0xa0003980        0x0 build/Release/production/RS485.o
 .mdebug.abi32  0xa0003980        0x0 build/Release/production/satellites.o
 .mdebug.abi32  0xa0003980        0x0 build/Release/production/datetime.o
 .mdebug.abi32  0xa0003980        0x0 build/Release/production/CustomHTTPApp.o
 .mdebug.abi32  0xa0003980        0x0 build/Release/production/code.o
 .mdebug.abi32  0xa0003980        0x0 build/Release/production/exception.o
 .mdebug.abi32  0xa0003980        0x0 build/Release/production/password.o
 .mdebug.abi32  0xa0003980        0x0 build/Release/production/MPFSImg2.o
 .mdebug.abi32  0xa0003980        0x0 c:/program files (x86)/microchip/xc32/v1.34/bin/bin/../../lib/gcc/pic32mx/4.5.2/../../../../pic32mx/lib\libxcpp.a(calloc.o)
 .mdebug.abi32  0xa0003980        0x0 c:/program files (x86)/microchip/xc32/v1.34/bin/bin/../../lib/gcc/pic32mx/4.5.2/../../../../pic32mx/lib\libxcpp.a(free.o)
 .mdebug.abi32  0xa0003980        0x0 c:/program files (x86)/microchip/xc32/v1.34/bin/bin/../../lib/gcc/pic32mx/4.5.2/../../../../pic32mx/lib\libxcpp.a(malloc.o)
 .mdebug.abi32  0xa0003980        0x0 c:/program files (x86)/microchip/xc32/v1.34/bin/bin/../../lib/gcc/pic32mx/4.5.2/../../../../pic32mx/lib\libxcpp.a(memcmp.o)
 .mdebug.abi32  0xa0003980        0x0 c:/program files (x86)/microchip/xc32/v1.34/bin/bin/../../lib/gcc/pic32mx/4.5.2/../../../../pic32mx/lib\libxcpp.a(memcpy.o)
 .mdebug.abi32  0xa0003980        0x0 c:/program files (x86)/microchip/xc32/v1.34/bin/bin/../../lib/gcc/pic32mx/4.5.2/../../../../pic32mx/lib\libxcpp.a(memmove.o)
 .mdebug.abi32  0xa0003980        0x0 c:/program files (x86)/microchip/xc32/v1.34/bin/bin/../../lib/gcc/pic32mx/4.5.2/../../../../pic32mx/lib\libxcpp.a(memset.o)
 .mdebug.abi32  0xa0003980        0x0 c:/program files (x86)/microchip/xc32/v1.34/bin/bin/../../lib/gcc/pic32mx/4.5.2/../../../../pic32mx/lib\libxcpp.a(rand.o)
 .mdebug.abi32  0xa0003980        0x0 c:/program files (x86)/microchip/xc32/v1.34/bin/bin/../../lib/gcc/pic32mx/4.5.2/../../../../pic32mx/lib\libxcpp.a(setbuf.o)
 .mdebug.abi32  0xa0003980        0x0 c:/program files (x86)/microchip/xc32/v1.34/bin/bin/../../lib/gcc/pic32mx/4.5.2/../../../../pic32mx/lib\libxcpp.a(setvbuf.o)
 .mdebug.abi32  0xa0003980        0x0 c:/program files (x86)/microchip/xc32/v1.34/bin/bin/../../lib/gcc/pic32mx/4.5.2/../../../../pic32mx/lib\libxcpp.a(sprintf.o)
 .mdebug.abi32  0xa0003980        0x0 c:/program files (x86)/microchip/xc32/v1.34/bin/bin/../../lib/gcc/pic32mx/4.5.2/../../../../pic32mx/lib\libxcpp.a(srand.o)
 .mdebug.abi32  0xa0003980        0x0 c:/program files (x86)/microchip/xc32/v1.34/bin/bin/../../lib/gcc/pic32mx/4.5.2/../../../../pic32mx/lib\libxcpp.a(strcat.o)
 .mdebug.abi32  0xa0003980        0x0 c:/program files (x86)/microchip/xc32/v1.34/bin/bin/../../lib/gcc/pic32mx/4.5.2/../../../../pic32mx/lib\libxcpp.a(strcmp.o)
 .mdebug.abi32  0xa0003980        0x0 c:/program files (x86)/microchip/xc32/v1.34/bin/bin/../../lib/gcc/pic32mx/4.5.2/../../../../pic32mx/lib\libxcpp.a(strcpy.o)
 .mdebug.abi32  0xa0003980        0x0 c:/program files (x86)/microchip/xc32/v1.34/bin/bin/../../lib/gcc/pic32mx/4.5.2/../../../../pic32mx/lib\libxcpp.a(strlen.o)
 .mdebug.abi32  0xa0003980        0x0 c:/program files (x86)/microchip/xc32/v1.34/bin/bin/../../lib/gcc/pic32mx/4.5.2/../../../../pic32mx/lib\libxcpp.a(strncpy.o)
 .mdebug.abi32  0xa0003980        0x0 c:/program files (x86)/microchip/xc32/v1.34/bin/bin/../../lib/gcc/pic32mx/4.5.2/../../../../pic32mx/lib\libxcpp.a(vprintf.o)
 .mdebug.abi32  0xa0003980        0x0 c:/program files (x86)/microchip/xc32/v1.34/bin/bin/../../lib/gcc/pic32mx/4.5.2/../../../../pic32mx/lib\libxcpp.a(xfiles.o)
 .mdebug.abi32  0xa0003980        0x0 c:/program files (x86)/microchip/xc32/v1.34/bin/bin/../../lib/gcc/pic32mx/4.5.2/../../../../pic32mx/lib\libxcpp.a(xgetmem.o)
 .mdebug.abi32  0xa0003980        0x0 c:/program files (x86)/microchip/xc32/v1.34/bin/bin/../../lib/gcc/pic32mx/4.5.2/../../../../pic32mx/lib\libxcpp.a(xprintf.o)
 .mdebug.abi32  0xa0003980        0x0 c:/program files (x86)/microchip/xc32/v1.34/bin/bin/../../lib/gcc/pic32mx/4.5.2/../../../../pic32mx/lib\libxcpp.a(xputfld.o)
 .mdebug.abi32  0xa0003980        0x0 c:/program files (x86)/microchip/xc32/v1.34/bin/bin/../../lib/gcc/pic32mx/4.5.2/../../../../pic32mx/lib\libxcpp.a(xputstr.o)
 .mdebug.abi32  0xa0003980        0x0 c:/program files (x86)/microchip/xc32/v1.34/bin/bin/../../lib/gcc/pic32mx/4.5.2/../../../../pic32mx/lib\libxcpp.a(xputtxt.o)
 .mdebug.abi32  0xa0003980        0x0 c:/program files (x86)/microchip/xc32/v1.34/bin/bin/../../lib/gcc/pic32mx/4.5.2/../../../../pic32mx/lib\libxcpp.a(xstate.o)
 .mdebug.abi32  0xa0003980        0x0 c:/program files (x86)/microchip/xc32/v1.34/bin/bin/../../lib/gcc/pic32mx/4.5.2/../../../../pic32mx/lib\libxcpp.a(xstod.o)
 .mdebug.abi32  0xa0003980        0x0 c:/program files (x86)/microchip/xc32/v1.34/bin/bin/../../lib/gcc/pic32mx/4.5.2/../../../../pic32mx/lib\libxcpp.a(xstof.o)
 .mdebug.abi32  0xa0003980        0x0 c:/program files (x86)/microchip/xc32/v1.34/bin/bin/../../lib/gcc/pic32mx/4.5.2/../../../../pic32mx/lib\libxcpp.a(xstoflt.o)
 .mdebug.abi32  0xa0003980        0x0 c:/program files (x86)/microchip/xc32/v1.34/bin/bin/../../lib/gcc/pic32mx/4.5.2/../../../../pic32mx/lib\libxcpp.a(xstopfx.o)
 .mdebug.abi32  0xa0003980        0x0 c:/program files (x86)/microchip/xc32/v1.34/bin/bin/../../lib/gcc/pic32mx/4.5.2/../../../../pic32mx/lib\libxcpp.a(xstoul.o)
 .mdebug.abi32  0xa0003980        0x0 c:/program files (x86)/microchip/xc32/v1.34/bin/bin/../../lib/gcc/pic32mx/4.5.2/../../../../pic32mx/lib\libxcpp.a(xstoxflt.o)
 .mdebug.abi32  0xa0003980        0x0 c:/program files (x86)/microchip/xc32/v1.34/bin/bin/../../lib/gcc/pic32mx/4.5.2/../../../../pic32mx/lib\libxcpp.a(xtolotab.o)
 .mdebug.abi32  0xa0003980        0x0 c:/program files (x86)/microchip/xc32/v1.34/bin/bin/../../lib/gcc/pic32mx/4.5.2/../../../../pic32mx/lib\libxcpp.a(xtouptab.o)
 .mdebug.abi32  0xa0003980        0x0 c:/program files (x86)/microchip/xc32/v1.34/bin/bin/../../lib/gcc/pic32mx/4.5.2/../../../../pic32mx/lib\libxcpp.a(xvacopy.o)
 .mdebug.abi32  0xa0003980        0x0 c:/program files (x86)/microchip/xc32/v1.34/bin/bin/../../lib/gcc/pic32mx/4.5.2/../../../../pic32mx/lib\libxcpp.a(xvalues.o)
 .mdebug.abi32  0xa0003980        0x0 c:/program files (x86)/microchip/xc32/v1.34/bin/bin/../../lib/gcc/pic32mx/4.5.2/../../../../pic32mx/lib\libxcpp.a(xwctomb.o)
 .mdebug.abi32  0xa0003980        0x0 c:/program files (x86)/microchip/xc32/v1.34/bin/bin/../../lib/gcc/pic32mx/4.5.2/../../../../pic32mx/lib\libxcpp.a(xfail_s.o)
 .mdebug.abi32  0xa0003980        0x0 c:/program files (x86)/microchip/xc32/v1.34/bin/bin/../../lib/gcc/pic32mx/4.5.2/../../../../pic32mx/lib\libxcpp.a(abort.o)
 .mdebug.abi32  0xa0003980        0x0 c:/program files (x86)/microchip/xc32/v1.34/bin/bin/../../lib/gcc/pic32mx/4.5.2/../../../../pic32mx/lib\libxcpp.a(errno.o)
 .mdebug.abi32  0xa0003980        0x0 c:/program files (x86)/microchip/xc32/v1.34/bin/bin/../../lib/gcc/pic32mx/4.5.2/../../../../pic32mx/lib\libxcpp.a(exit.o)
 .mdebug.abi32  0xa0003980        0x0 c:/program files (x86)/microchip/xc32/v1.34/bin/bin/../../lib/gcc/pic32mx/4.5.2/../../../../pic32mx/lib\libxcpp.a(fclose.o)
 .mdebug.abi32  0xa0003980        0x0 c:/program files (x86)/microchip/xc32/v1.34/bin/bin/../../lib/gcc/pic32mx/4.5.2/../../../../pic32mx/lib\libxcpp.a(fflush.o)
 .mdebug.abi32  0xa0003980        0x0 c:/program files (x86)/microchip/xc32/v1.34/bin/bin/../../lib/gcc/pic32mx/4.5.2/../../../../pic32mx/lib\libxcpp.a(fputc.o)
 .mdebug.abi32  0xa0003980        0x0 c:/program files (x86)/microchip/xc32/v1.34/bin/bin/../../lib/gcc/pic32mx/4.5.2/../../../../pic32mx/lib\libxcpp.a(fputs.o)
 .mdebug.abi32  0xa0003980        0x0 c:/program files (x86)/microchip/xc32/v1.34/bin/bin/../../lib/gcc/pic32mx/4.5.2/../../../../pic32mx/lib\libxcpp.a(fwrite.o)
 .mdebug.abi32  0xa0003980        0x0 c:/program files (x86)/microchip/xc32/v1.34/bin/bin/../../lib/gcc/pic32mx/4.5.2/../../../../pic32mx/lib\libxcpp.a(localeco.o)
 .mdebug.abi32  0xa0003980        0x0 c:/program files (x86)/microchip/xc32/v1.34/bin/bin/../../lib/gcc/pic32mx/4.5.2/../../../../pic32mx/lib\libxcpp.a(memchr.o)
 .mdebug.abi32  0xa0003980        0x0 c:/program files (x86)/microchip/xc32/v1.34/bin/bin/../../lib/gcc/pic32mx/4.5.2/../../../../pic32mx/lib\libxcpp.a(raise.o)
 .mdebug.abi32  0xa0003980        0x0 c:/program files (x86)/microchip/xc32/v1.34/bin/bin/../../lib/gcc/pic32mx/4.5.2/../../../../pic32mx/lib\libxcpp.a(remove.o)
 .mdebug.abi32  0xa0003980        0x0 c:/program files (x86)/microchip/xc32/v1.34/bin/bin/../../lib/gcc/pic32mx/4.5.2/../../../../pic32mx/lib\libxcpp.a(strchr.o)
 .mdebug.abi32  0xa0003980        0x0 c:/program files (x86)/microchip/xc32/v1.34/bin/bin/../../lib/gcc/pic32mx/4.5.2/../../../../pic32mx/lib\libxcpp.a(strrchr.o)
 .mdebug.abi32  0xa0003980        0x0 c:/program files (x86)/microchip/xc32/v1.34/bin/bin/../../lib/gcc/pic32mx/4.5.2/../../../../pic32mx/lib\libxcpp.a(xatexit.o)
 .mdebug.abi32  0xa0003980        0x0 c:/program files (x86)/microchip/xc32/v1.34/bin/bin/../../lib/gcc/pic32mx/4.5.2/../../../../pic32mx/lib\libxcpp.a(xctype.o)
 .mdebug.abi32  0xa0003980        0x0 c:/program files (x86)/microchip/xc32/v1.34/bin/bin/../../lib/gcc/pic32mx/4.5.2/../../../../pic32mx/lib\libxcpp.a(xdscale.o)
 .mdebug.abi32  0xa0003980        0x0 c:/program files (x86)/microchip/xc32/v1.34/bin/bin/../../lib/gcc/pic32mx/4.5.2/../../../../pic32mx/lib\libxcpp.a(xdtento.o)
 .mdebug.abi32  0xa0003980        0x0 c:/program files (x86)/microchip/xc32/v1.34/bin/bin/../../lib/gcc/pic32mx/4.5.2/../../../../pic32mx/lib\libxcpp.a(xdunscal.o)
 .mdebug.abi32  0xa0003980        0x0 c:/program files (x86)/microchip/xc32/v1.34/bin/bin/../../lib/gcc/pic32mx/4.5.2/../../../../pic32mx/lib\libxcpp.a(xexit.o)
 .mdebug.abi32  0xa0003980        0x0 c:/program files (x86)/microchip/xc32/v1.34/bin/bin/../../lib/gcc/pic32mx/4.5.2/../../../../pic32mx/lib\libxcpp.a(xfdscale.o)
 .mdebug.abi32  0xa0003980        0x0 c:/program files (x86)/microchip/xc32/v1.34/bin/bin/../../lib/gcc/pic32mx/4.5.2/../../../../pic32mx/lib\libxcpp.a(xfdtento.o)
 .mdebug.abi32  0xa0003980        0x0 c:/program files (x86)/microchip/xc32/v1.34/bin/bin/../../lib/gcc/pic32mx/4.5.2/../../../../pic32mx/lib\libxcpp.a(xfdunsca.o)
 .mdebug.abi32  0xa0003980        0x0 c:/program files (x86)/microchip/xc32/v1.34/bin/bin/../../lib/gcc/pic32mx/4.5.2/../../../../pic32mx/lib\libxcpp.a(xfofind.o)
 .mdebug.abi32  0xa0003980        0x0 c:/program files (x86)/microchip/xc32/v1.34/bin/bin/../../lib/gcc/pic32mx/4.5.2/../../../../pic32mx/lib\libxcpp.a(xfvalues.o)
 .mdebug.abi32  0xa0003980        0x0 c:/program files (x86)/microchip/xc32/v1.34/bin/bin/../../lib/gcc/pic32mx/4.5.2/../../../../pic32mx/lib\libxcpp.a(xfwprep.o)
 .mdebug.abi32  0xa0003980        0x0 c:/program files (x86)/microchip/xc32/v1.34/bin/bin/../../lib/gcc/pic32mx/4.5.2/../../../../pic32mx/lib\libxcpp.a(xldtob.o)
 .mdebug.abi32  0xa0003980        0x0 c:/program files (x86)/microchip/xc32/v1.34/bin/bin/../../lib/gcc/pic32mx/4.5.2/../../../../pic32mx/lib\libxcpp.a(xldunsca.o)
 .mdebug.abi32  0xa0003980        0x0 c:/program files (x86)/microchip/xc32/v1.34/bin/bin/../../lib/gcc/pic32mx/4.5.2/../../../../pic32mx/lib\libxcpp.a(xlitob.o)
 .mdebug.abi32  0xa0003980        0x0 c:/program files (x86)/microchip/xc32/v1.34/bin/bin/../../lib/gcc/pic32mx/4.5.2/../../../../pic32mx/lib\libxcpp.a(xlprec.o)
 .mdebug.abi32  0xa0003980        0x0 c:/program files (x86)/microchip/xc32/v1.34/bin/bin/../../lib/gcc/pic32mx/4.5.2/../../../../pic32mx/lib\libxcpp.a(xlvalues.o)
 .mdebug.abi32  0xa0003980        0x0 c:/program files (x86)/microchip/xc32/v1.34/bin/bin/../../lib/gcc/pic32mx/4.5.2/../../../../pic32mx/lib\libxcpp.a(xmbtowc.o)
 .mdebug.abi32  0xa0003980        0x0 c:/program files (x86)/microchip/xc32/v1.34/bin/bin/../../lib/gcc/pic32mx/4.5.2/../../../../pic32mx/lib\libxcpp.a(xwcstate.o)
 .mdebug.abi32  0xa0003980        0x0 c:/program files (x86)/microchip/xc32/v1.34/bin/bin/../../lib/gcc/pic32mx/4.5.2/../../../../pic32mx/lib\libxcpp.a(strnlen_s.o)
 .mdebug.abi32  0xa0003980        0x0 c:/program files (x86)/microchip/xc32/v1.34/bin/bin/../../lib/gcc/pic32mx/4.5.2/../../../../pic32mx/lib\libxcpp.a(ldexpl.o)
 .mdebug.abi32  0xa0003980        0x0 c:/program files (x86)/microchip/xc32/v1.34/bin/bin/../../lib/gcc/pic32mx/4.5.2/../../../../pic32mx/lib\libxcpp.a(ldiv.o)
 .mdebug.abi32  0xa0003980        0x0 c:/program files (x86)/microchip/xc32/v1.34/bin/bin/../../lib/gcc/pic32mx/4.5.2/../../../../pic32mx/lib\libxcpp.a(sqrtl.o)
 .mdebug.abi32  0xa0003980        0x0 c:/program files (x86)/microchip/xc32/v1.34/bin/bin/../../lib/gcc/pic32mx/4.5.2/../../../../pic32mx/lib\libxcpp.a(xdnorm.o)
 .mdebug.abi32  0xa0003980        0x0 c:/program files (x86)/microchip/xc32/v1.34/bin/bin/../../lib/gcc/pic32mx/4.5.2/../../../../pic32mx/lib\libxcpp.a(xfdnorm.o)
 .mdebug.abi32  0xa0003980        0x0 c:/program files (x86)/microchip/xc32/v1.34/bin/bin/../../lib/gcc/pic32mx/4.5.2/../../../../pic32mx/lib\libxcpp.a(xferaise.o)
 .mdebug.abi32  0xa0003980        0x0 c:/program files (x86)/microchip/xc32/v1.34/bin/bin/../../lib/gcc/pic32mx/4.5.2/../../../../pic32mx/lib\libxcpp.a(xgenld.o)
 .mdebug.abi32  0xa0003980        0x0 c:/program files (x86)/microchip/xc32/v1.34/bin/bin/../../lib/gcc/pic32mx/4.5.2/../../../../pic32mx/lib\libxcpp.a(xldint.o)
 .mdebug.abi32  0xa0003980        0x0 c:/program files (x86)/microchip/xc32/v1.34/bin/bin/../../lib/gcc/pic32mx/4.5.2/../../../../pic32mx/lib\libxcpp.a(xldscale.o)
 .mdebug.abi32  0xa0003980        0x0 c:/program files (x86)/microchip/xc32/v1.34/bin/bin/../../lib/gcc/pic32mx/4.5.2/../../../../pic32mx/lib\libxcpp.a(xldtest.o)
 .mdebug.abi32  0xa0003980        0x0 c:/program files (x86)/microchip/xc32/v1.34/bin/bin/../../lib/gcc/pic32mx/4.5.2/../../../../pic32mx/lib\libxcpp.a(feraiseexcept.o)
 .mdebug.abi32  0xa0003980        0x0 c:/program files (x86)/microchip/xc32/v1.34/bin/bin/../../lib/gcc/pic32mx/4.5.2/../../../../pic32mx/lib\libxcpp.a(div.o)
 .mdebug.abi32  0xa0003980        0x0 c:/program files (x86)/microchip/xc32/v1.34/bin/bin/../../lib/gcc/pic32mx/4.5.2/../../../../pic32mx/lib\libxcpp.a(xdint.o)
 .mdebug.abi32  0xa0003980        0x0 c:/program files (x86)/microchip/xc32/v1.34/bin/bin/../../lib/gcc/pic32mx/4.5.2/../../../../pic32mx/lib\libxcpp.a(xdtest.o)
 .mdebug.abi32  0xa0003980        0x0 c:/program files (x86)/microchip/xc32/v1.34/bin/bin/../../lib/gcc/pic32mx/4.5.2/../../../../pic32mx/lib\libmchp_peripheral.a(read_core_timer_lib.o)
 .mdebug.abi32  0xa0003980        0x0 c:/program files (x86)/microchip/xc32/v1.34/bin/bin/../../lib/gcc/pic32mx/4.5.2/../../../../pic32mx/lib\libmchp_peripheral_32MX795F512L.a(eth_ack_packet_lib.o)
 .mdebug.abi32  0xa0003980        0x0 c:/program files (x86)/microchip/xc32/v1.34/bin/bin/../../lib/gcc/pic32mx/4.5.2/../../../../pic32mx/lib\libmchp_peripheral_32MX795F512L.a(eth_descriptors_add_lib.o)
 .mdebug.abi32  0xa0003980        0x0 c:/program files (x86)/microchip/xc32/v1.34/bin/bin/../../lib/gcc/pic32mx/4.5.2/../../../../pic32mx/lib\libmchp_peripheral_32MX795F512L.a(eth_init_lib.o)
 .mdebug.abi32  0xa0003980        0x0 c:/program files (x86)/microchip/xc32/v1.34/bin/bin/../../lib/gcc/pic32mx/4.5.2/../../../../pic32mx/lib\libmchp_peripheral_32MX795F512L.a(eth_mac_open_lib.o)
 .mdebug.abi32  0xa0003980        0x0 c:/program files (x86)/microchip/xc32/v1.34/bin/bin/../../lib/gcc/pic32mx/4.5.2/../../../../pic32mx/lib\libmchp_peripheral_32MX795F512L.a(eth_mac_set_address_max_lib.o)
 .mdebug.abi32  0xa0003980        0x0 c:/program files (x86)/microchip/xc32/v1.34/bin/bin/../../lib/gcc/pic32mx/4.5.2/../../../../pic32mx/lib\libmchp_peripheral_32MX795F512L.a(eth_rx_buffers_append_lib.o)
 .mdebug.abi32  0xa0003980        0x0 c:/program files (x86)/microchip/xc32/v1.34/bin/bin/../../lib/gcc/pic32mx/4.5.2/../../../../pic32mx/lib\libmchp_peripheral_32MX795F512L.a(eth_rx_filters_lib.o)
 .mdebug.abi32  0xa0003980        0x0 c:/program files (x86)/microchip/xc32/v1.34/bin/bin/../../lib/gcc/pic32mx/4.5.2/../../../../pic32mx/lib\libmchp_peripheral_32MX795F512L.a(eth_rx_get_packet_lib.o)
 .mdebug.abi32  0xa0003980        0x0 c:/program files (x86)/microchip/xc32/v1.34/bin/bin/../../lib/gcc/pic32mx/4.5.2/../../../../pic32mx/lib\libmchp_peripheral_32MX795F512L.a(eth_rx_set_buffer_size_lib.o)
 .mdebug.abi32  0xa0003980        0x0 c:/program files (x86)/microchip/xc32/v1.34/bin/bin/../../lib/gcc/pic32mx/4.5.2/../../../../pic32mx/lib\libmchp_peripheral_32MX795F512L.a(eth_tx_packet_lib.o)
 .mdebug.abi32  0xa0003980        0x0 c:/program files (x86)/microchip/xc32/v1.34/bin/bin/../../lib/gcc/pic32mx/4.5.2/../../../../pic32mx/lib\libmchp_peripheral_32MX795F512L.a(_eth_append_busy_list_lib.o)
 .mdebug.abi32  0xa0003980        0x0 c:/program files (x86)/microchip/xc32/v1.34/bin/bin/../../lib/gcc/pic32mx/4.5.2/../../../../pic32mx/lib\libmchp_peripheral_32MX795F512L.a(eth_miim_access.o)
 .mdebug.abi32  0xa0003980        0x0 c:/program files (x86)/microchip/xc32/v1.34/bin/bin/../../lib/gcc/pic32mx/4.5.2/../../../../pic32mx/lib\libmchp_peripheral_32MX795F512L.a(soft_reset_lib.o)
 .mdebug.abi32  0xa0003980        0x0 c:/program files (x86)/microchip/xc32/v1.34/bin/bin/../../lib/gcc/pic32mx/4.5.2/../../../../pic32mx/lib\libmchp_peripheral_32MX795F512L.a(pcache.o)
 .mdebug.abi32  0xa0003980        0x0 c:/program files (x86)/microchip/xc32/v1.34/bin/bin/../../lib/gcc/pic32mx/4.5.2/../../../../pic32mx/lib\libmchp_peripheral_32MX795F512L.a(osc_config_lib.o)
 .mdebug.abi32  0xa0003980        0x0 c:/program files (x86)/microchip/xc32/v1.34/bin/bin/../../lib/gcc/pic32mx/4.5.2/../../../../pic32mx/lib\libmchp_peripheral_32MX795F512L.a(int_disable_interrupts_lib.o)
 .mdebug.abi32  0xa0003980        0x0 c:/program files (x86)/microchip/xc32/v1.34/bin/bin/../../lib/gcc/pic32mx/4.5.2/../../../../pic32mx/lib\libmchp_peripheral_32MX795F512L.a(int_restore_interrupts_lib.o)
 .mdebug.abi32  0xa0003980        0x0 c:/program files (x86)/microchip/xc32/v1.34/bin/bin/../../lib/gcc/pic32mx/4.5.2/../../../../pic32mx/lib\libmchp_peripheral_32MX795F512L.a(int_enable_mv_int_lib.o)
 .mdebug.abi32  0xa0003980        0x0 c:/program files (x86)/microchip/xc32/v1.34/bin/bin/../../lib/gcc/pic32mx/4.5.2/../../../../pic32mx/lib\libmchp_peripheral_32MX795F512L.a(int_tbl_lib.o)
 .mdebug.abi32  0xa0003980        0x0 c:/program files (x86)/microchip/xc32/v1.34/bin/bin/../../lib/gcc/pic32mx/4.5.2/../../../../pic32mx/lib\libmchp_peripheral_32MX795F512L.a(rtcc_alarm_enable_lib.o)
 .mdebug.abi32  0xa0003980        0x0 c:/program files (x86)/microchip/xc32/v1.34/bin/bin/../../lib/gcc/pic32mx/4.5.2/../../../../pic32mx/lib\libmchp_peripheral_32MX795F512L.a(rtcc_init_lib.o)
 .mdebug.abi32  0xa0003980        0x0 c:/program files (x86)/microchip/xc32/v1.34/bin/bin/../../lib/gcc/pic32mx/4.5.2/../../../../pic32mx/lib\libmchp_peripheral_32MX795F512L.a(rtcc_set_alarm_time_date_lib.o)
 .mdebug.abi32  0xa0003980        0x0 c:/program files (x86)/microchip/xc32/v1.34/bin/bin/../../lib/gcc/pic32mx/4.5.2/../../../../pic32mx/lib\libmchp_peripheral_32MX795F512L.a(rtcc_set_date_lib.o)
 .mdebug.abi32  0xa0003980        0x0 c:/program files (x86)/microchip/xc32/v1.34/bin/bin/../../lib/gcc/pic32mx/4.5.2/../../../../pic32mx/lib\libmchp_peripheral_32MX795F512L.a(rtcc_set_time_date_lib.o)
 .mdebug.abi32  0xa0003980        0x0 c:/program files (x86)/microchip/xc32/v1.34/bin/bin/../../lib/gcc/pic32mx/4.5.2/../../../../pic32mx/lib\libmchp_peripheral_32MX795F512L.a(rtcc_set_time_lib.o)
 .mdebug.abi32  0xa0003980        0x0 c:/program files (x86)/microchip/xc32/v1.34/bin/bin/../../lib/gcc/pic32mx/4.5.2/../../../../pic32mx/lib\libmchp_peripheral_32MX795F512L.a(rtcc_weekday_lib.o)
 .mdebug.abi32  0xa0003980        0x0 c:/program files (x86)/microchip/xc32/v1.34/bin/bin/../../lib/gcc/pic32mx/4.5.2/../../../../pic32mx/lib\libmchp_peripheral_32MX795F512L.a(spi_chn_close_lib.o)
 .mdebug.abi32  0xa0003980        0x0 c:/program files (x86)/microchip/xc32/v1.34/bin/bin/../../lib/gcc/pic32mx/4.5.2/../../../../pic32mx/lib\libmchp_peripheral_32MX795F512L.a(spi_io_tbl_libp.o)
 .mdebug.abi32  0xa0003980        0x0 c:/program files (x86)/microchip/xc32/v1.34/bin/bin/../../lib/gcc/pic32mx/4.5.2/../../../../pic32mx/lib\libmchp_peripheral_32MX795F512L.a(spi_map_tbl_libp.o)
 .mdebug.abi32  0xa0003980        0x0 c:/program files (x86)/microchip/xc32/v1.34/bin/bin/../../lib/gcc/pic32mx/4.5.2/../../../../pic32mx/lib\libmchp_peripheral_32MX795F512L.a(power_sleep_lib.o)
 .mdebug.abi32  0xa0003980        0x0 c:/program files (x86)/microchip/xc32/v1.34/bin/bin/../../lib/gcc/pic32mx/4.5.2/../../../../pic32mx/lib\libmchp_peripheral_32MX795F512L.a(port_reset_pins_lib.o)
 .mdebug.abi32  0xa0003980        0x0 c:/program files (x86)/microchip/xc32/v1.34/bin/bin/../../lib/gcc/pic32mx/4.5.2/../../../../pic32mx/lib\libmchp_peripheral_32MX795F512L.a(port_set_pins_digital_in_lib.o)
 .mdebug.abi32  0xa0003980        0x0 c:/program files (x86)/microchip/xc32/v1.34/bin/bin/../../lib/gcc/pic32mx/4.5.2/../../../../pic32mx/lib\libmchp_peripheral_32MX795F512L.a(port_set_pins_digital_out_lib.o)
 .mdebug.abi32  0xa0003980        0x0 c:/program files (x86)/microchip/xc32/v1.34/bin/bin/../../lib/gcc/pic32mx/4.5.2/../../../../pic32mx/lib\libmchp_peripheral_32MX795F512L.a(port_read_bits_lib.o)
 .mdebug.abi32  0xa0003980        0x0 c:/program files (x86)/microchip/xc32/v1.34/bin/bin/../../lib/gcc/pic32mx/4.5.2/../../../../pic32mx/lib\libmchp_peripheral_32MX795F512L.a(port_clear_bits_lib.o)